MPLINK 4.41, Linker
Linker Map File - Created Thu Jul 18 05:59:09 2013

                                 Section Info
                  Section       Type    Address   Location Size(Bytes)
                ---------  ---------  ---------  ---------  ---------
               ResetEntry       code   0x000200    program   0x000004
                   .cinit    romdata   0x000204    program   0x000002
              HPinterrupt       code   0x000208    program   0x000004
              LPinterrupt       code   0x000218    program   0x0000a2
               JumpTable1       code   0x000300    program   0x000094
               JumpTable2       code   0x000400    program   0x0000ce
               JumpTable3       code   0x000500    program   0x000060
               JumpTable4       code   0x000600    program   0x0000c4
                    .code       code   0x0006c4    program   0x00b3fe
                   .org_0       code   0x010000    program   0x000000
                    Bank0      udata   0x000000       data   0x000060
                   Bank0a      udata   0x000060       data   0x0000a0
                    Bank1      udata   0x000100       data   0x00006f
                    Bank2      udata   0x000200       data   0x0000e2
                    Bank3      udata   0x000300       data   0x0000f0
                    Bank4      udata   0x000400       data   0x00004e
                    Bank5      udata   0x000500       data   0x000004
                   Bank5a      udata   0x000580       data   0x000048
                    Bank6      udata   0x000600       data   0x000100



                              Program Memory Usage 
                               Start         End      
                           ---------   ---------      
                            0x000200    0x000205      
                            0x000208    0x00020b      
                            0x000218    0x0002b9      
                            0x000300    0x000393      
                            0x000400    0x0004cd      
                            0x000500    0x00055f      
                            0x000600    0x00bac1      
            46896 out of 132120 program addresses used, program memory utilization is 35%



                              Symbols - Sorted by Name
                     Name    Address   Location    Storage File                     
                ---------  ---------  ---------  --------- ---------                
                   AAload   0x0055da    program     static Y:\Desktop\PIC18Fversion Version 2.0s\mstar.asm
                   AAloop   0x005596    program     static Y:\Desktop\PIC18Fversion Version 2.0s\mstar.asm
                   AAnext   0x0055b0    program     static Y:\Desktop\PIC18Fversion Version 2.0s\mstar.asm
               AAselected   0x0055c8    program     static Y:\Desktop\PIC18Fversion Version 2.0s\mstar.asm
                 ACESHIFT   0x001b0a    program     static Y:\Desktop\PIC18Fversion Version 2.0s\mstar.asm
                 ADCfixed   0x00141a    program     static Y:\Desktop\PIC18Fversion Version 2.0s\ADC.asm
                ADCfixed1   0x00148a    program     static Y:\Desktop\PIC18Fversion Version 2.0s\ADC.asm
                ADCfixed2   0x0014e4    program     static Y:\Desktop\PIC18Fversion Version 2.0s\ADC.asm
                ADClookup   0x000462    program     static Y:\Desktop\PIC18Fversion Version 2.0s\mstar.asm
                  ADCread   0x001390    program     static Y:\Desktop\PIC18Fversion Version 2.0s\ADC.asm
                 ADCread0   0x0013e2    program     static Y:\Desktop\PIC18Fversion Version 2.0s\ADC.asm
                ADCread00   0x0013ac    program     static Y:\Desktop\PIC18Fversion Version 2.0s\ADC.asm
                 ADCread1   0x0013d8    program     static Y:\Desktop\PIC18Fversion Version 2.0s\ADC.asm
                 ADCread2   0x001410    program     static Y:\Desktop\PIC18Fversion Version 2.0s\ADC.asm
              ADCreadChan   0x0013b6    program     static Y:\Desktop\PIC18Fversion Version 2.0s\ADC.asm
                     ADJ1   0x006432    program     static Y:\Desktop\PIC18Fversion Version 2.0s\ui.asm
                     ADJ2   0x006420    program     static Y:\Desktop\PIC18Fversion Version 2.0s\ui.asm
                     ADJ3   0x00643a    program     static Y:\Desktop\PIC18Fversion Version 2.0s\ui.asm
                  ADJbyte   0x006312    program     static Y:\Desktop\PIC18Fversion Version 2.0s\ui.asm
                 ADJbyte1   0x006396    program     static Y:\Desktop\PIC18Fversion Version 2.0s\ui.asm
                 ADJbyte2   0x006374    program     static Y:\Desktop\PIC18Fversion Version 2.0s\ui.asm
                 ADJbyte3   0x0063b0    program     static Y:\Desktop\PIC18Fversion Version 2.0s\ui.asm
              ADJbyteloop   0x00631a    program     static Y:\Desktop\PIC18Fversion Version 2.0s\ui.asm
                  ADJint1   0x0065ec    program     static Y:\Desktop\PIC18Fversion Version 2.0s\ui.asm
                  ADJint2   0x0065c8    program     static Y:\Desktop\PIC18Fversion Version 2.0s\ui.asm
                  ADJint3   0x00660a    program     static Y:\Desktop\PIC18Fversion Version 2.0s\ui.asm
               ADJinteger   0x006582    program     static Y:\Desktop\PIC18Fversion Version 2.0s\ui.asm
               ADJpercent   0x0063c6    program     static Y:\Desktop\PIC18Fversion Version 2.0s\ui.asm
                    ADJuS   0x006480    program     static Y:\Desktop\PIC18Fversion Version 2.0s\ui.asm
                   ADJuSa   0x0064a4    program     static Y:\Desktop\PIC18Fversion Version 2.0s\ui.asm
                   ADJuSz   0x006488    program     static Y:\Desktop\PIC18Fversion Version 2.0s\ui.asm
                   ADJus1   0x006526    program     static Y:\Desktop\PIC18Fversion Version 2.0s\ui.asm
                   ADJus2   0x0064fc    program     static Y:\Desktop\PIC18Fversion Version 2.0s\ui.asm
                   ADJus3   0x00654a    program     static Y:\Desktop\PIC18Fversion Version 2.0s\ui.asm
                  ADJus3a   0x006560    program     static Y:\Desktop\PIC18Fversion Version 2.0s\ui.asm
                  ADJus3b   0x006572    program     static Y:\Desktop\PIC18Fversion Version 2.0s\ui.asm
                  ADJvolt   0x006306    program     static Y:\Desktop\PIC18Fversion Version 2.0s\ui.asm
                     ADR1   0x003efe    program     static Y:\Desktop\PIC18Fversion Version 2.0s\mstar.asm
                     ADR2   0x003f3c    program     static Y:\Desktop\PIC18Fversion Version 2.0s\mstar.asm
                     ADR3   0x003f7a    program     static Y:\Desktop\PIC18Fversion Version 2.0s\mstar.asm
                     ADV1   0x00b2a2    program     static Y:\Desktop\PIC18Fversion Version 2.0s\data.asm
                     ADV2   0x00b2c2    program     static Y:\Desktop\PIC18Fversion Version 2.0s\data.asm
                     ADV3   0x00b2de    program     static Y:\Desktop\PIC18Fversion Version 2.0s\data.asm
                     ADV4   0x00b2fe    program     static Y:\Desktop\PIC18Fversion Version 2.0s\data.asm
                     ADV5   0x00b31c    program     static Y:\Desktop\PIC18Fversion Version 2.0s\data.asm
                     ADV6   0x00b336    program     static Y:\Desktop\PIC18Fversion Version 2.0s\data.asm
                  AERPost   0x007014    program     static Y:\Desktop\PIC18Fversion Version 2.0s\Servo.asm
                   AERPre   0x006fc8    program     static Y:\Desktop\PIC18Fversion Version 2.0s\Servo.asm
                     AEX1   0x003e12    program     static Y:\Desktop\PIC18Fversion Version 2.0s\mstar.asm
                    AEX1a   0x003e22    program     static Y:\Desktop\PIC18Fversion Version 2.0s\mstar.asm
                     AFM0   0x0051d4    program     static Y:\Desktop\PIC18Fversion Version 2.0s\mstar.asm
                    AFM0z   0x004ffe    program     static Y:\Desktop\PIC18Fversion Version 2.0s\mstar.asm
                     AFM1   0x005038    program     static Y:\Desktop\PIC18Fversion Version 2.0s\mstar.asm
                     AFM2   0x005072    program     static Y:\Desktop\PIC18Fversion Version 2.0s\mstar.asm
                    AFM2a   0x005144    program     static Y:\Desktop\PIC18Fversion Version 2.0s\mstar.asm
                   AFM2aa   0x00517e    program     static Y:\Desktop\PIC18Fversion Version 2.0s\mstar.asm
                  AFM2aaa   0x005186    program     static Y:\Desktop\PIC18Fversion Version 2.0s\mstar.asm
                    AFM2b   0x005100    program     static Y:\Desktop\PIC18Fversion Version 2.0s\mstar.asm
                    AFM2c   0x0050e2    program     static Y:\Desktop\PIC18Fversion Version 2.0s\mstar.asm
                    AFM2d   0x00512a    program     static Y:\Desktop\PIC18Fversion Version 2.0s\mstar.asm
                    AFM2e   0x0051b2    program     static Y:\Desktop\PIC18Fversion Version 2.0s\mstar.asm
                     AFM3   0x0051b2    program     static Y:\Desktop\PIC18Fversion Version 2.0s\mstar.asm
                    AFM4a   0x0051f2    program     static Y:\Desktop\PIC18Fversion Version 2.0s\mstar.asm
                    AFM4c   0x005204    program     static Y:\Desktop\PIC18Fversion Version 2.0s\mstar.asm
                     AFM5   0x00522e    program     static Y:\Desktop\PIC18Fversion Version 2.0s\mstar.asm
                  AHnoRev   0x005978    program     static Y:\Desktop\PIC18Fversion Version 2.0s\helicopter.asm
                AHnotHold   0x005950    program     static Y:\Desktop\PIC18Fversion Version 2.0s\helicopter.asm
                   AHtrim   0x005964    program     static Y:\Desktop\PIC18Fversion Version 2.0s\helicopter.asm
                      AL1   0x004b02    program     static Y:\Desktop\PIC18Fversion Version 2.0s\mstar.asm
                   AMENU1   0x00a364    program     static Y:\Desktop\PIC18Fversion Version 2.0s\data.asm
                  AMENU10   0x00a46c    program     static Y:\Desktop\PIC18Fversion Version 2.0s\data.asm
                  AMENU11   0x00a486    program     static Y:\Desktop\PIC18Fversion Version 2.0s\data.asm
                  AMENU12   0x00a4a6    program     static Y:\Desktop\PIC18Fversion Version 2.0s\data.asm
                  AMENU13   0x00a4c0    program     static Y:\Desktop\PIC18Fversion Version 2.0s\data.asm
                   AMENU2   0x00a384    program     static Y:\Desktop\PIC18Fversion Version 2.0s\data.asm
                   AMENU3   0x00a39e    program     static Y:\Desktop\PIC18Fversion Version 2.0s\data.asm
                   AMENU4   0x00a3be    program     static Y:\Desktop\PIC18Fversion Version 2.0s\data.asm
                   AMENU5   0x00a3d8    program     static Y:\Desktop\PIC18Fversion Version 2.0s\data.asm
                   AMENU6   0x00a3f8    program     static Y:\Desktop\PIC18Fversion Version 2.0s\data.asm
                   AMENU7   0x00a412    program     static Y:\Desktop\PIC18Fversion Version 2.0s\data.asm
                   AMENU8   0x00a432    program     static Y:\Desktop\PIC18Fversion Version 2.0s\data.asm
                   AMENU9   0x00a44c    program     static Y:\Desktop\PIC18Fversion Version 2.0s\data.asm
                   APdone   0x004eea    program     static Y:\Desktop\PIC18Fversion Version 2.0s\mstar.asm
                   APmix2   0x004e72    program     static Y:\Desktop\PIC18Fversion Version 2.0s\mstar.asm
                   APmix3   0x004eb4    program     static Y:\Desktop\PIC18Fversion Version 2.0s\mstar.asm
                     AS10   0x0044d8    program     static Y:\Desktop\PIC18Fversion Version 2.0s\mstar.asm
                    AS10a   0x00450a    program     static Y:\Desktop\PIC18Fversion Version 2.0s\mstar.asm
                    AS10b   0x00452e    program     static Y:\Desktop\PIC18Fversion Version 2.0s\mstar.asm
                    AS10c   0x004552    program     static Y:\Desktop\PIC18Fversion Version 2.0s\mstar.asm
                     AS11   0x004570    program     static Y:\Desktop\PIC18Fversion Version 2.0s\mstar.asm
                     AS9a   0x004472    program     static Y:\Desktop\PIC18Fversion Version 2.0s\mstar.asm
                     AS9b   0x004496    program     static Y:\Desktop\PIC18Fversion Version 2.0s\mstar.asm
                     AS9c   0x0044ba    program     static Y:\Desktop\PIC18Fversion Version 2.0s\mstar.asm
                     ASR0   0x0045c6    program     static Y:\Desktop\PIC18Fversion Version 2.0s\mstar.asm
                     ASR1   0x00463a    program     static Y:\Desktop\PIC18Fversion Version 2.0s\mstar.asm
                     ASR2   0x0046ae    program     static Y:\Desktop\PIC18Fversion Version 2.0s\mstar.asm
                ASR5final   0x0045ea    program     static Y:\Desktop\PIC18Fversion Version 2.0s\mstar.asm
                ASR8final   0x00465e    program     static Y:\Desktop\PIC18Fversion Version 2.0s\mstar.asm
                   ASRCH8   0x0045f2    program     static Y:\Desktop\PIC18Fversion Version 2.0s\mstar.asm
                ASRTfinal   0x0046d2    program     static Y:\Desktop\PIC18Fversion Version 2.0s\mstar.asm
                  ASRdone   0x0046e4    program     static Y:\Desktop\PIC18Fversion Version 2.0s\mstar.asm
                   ASRtht   0x004666    program     static Y:\Desktop\PIC18Fversion Version 2.0s\mstar.asm
                      AT1   0x0042e4    program     static Y:\Desktop\PIC18Fversion Version 2.0s\mstar.asm
                      AT2   0x004318    program     static Y:\Desktop\PIC18Fversion Version 2.0s\mstar.asm
                  ATLpost   0x006836    program     static Y:\Desktop\PIC18Fversion Version 2.0s\ui.asm
                  ATMODE1   0x00a57c    program     static Y:\Desktop\PIC18Fversion Version 2.0s\data.asm
                  ATMODE2   0x00a596    program     static Y:\Desktop\PIC18Fversion Version 2.0s\data.asm
                  ATMODE3   0x00a5b0    program     static Y:\Desktop\PIC18Fversion Version 2.0s\data.asm
                  ATreset   0x0075be    program     static Y:\Desktop\PIC18Fversion Version 2.0s\Options.asm
                    AUXhi   0x00172a    program     static Y:\Desktop\PIC18Fversion Version 2.0s\mstar.asm
                   Accept   0x0061d6    program     static Y:\Desktop\PIC18Fversion Version 2.0s\ui.asm
                  Accept1   0x006220    program     static Y:\Desktop\PIC18Fversion Version 2.0s\ui.asm
                  Accept2   0x006244    program     static Y:\Desktop\PIC18Fversion Version 2.0s\ui.asm
               AcceptLoop   0x0061f2    program     static Y:\Desktop\PIC18Fversion Version 2.0s\ui.asm
                AddressOK   0x001cc2    program     static Y:\Desktop\PIC18Fversion Version 2.0s\Flash.asm
            AdvanceRecord   0x005f5c    program     static Y:\Desktop\PIC18Fversion Version 2.0s\ui.asm
                   AilMes   0x003636    program     static Y:\Desktop\PIC18Fversion Version 2.0s\Monitor.asm
                  AilPost   0x00700a    program     static Y:\Desktop\PIC18Fversion Version 2.0s\Servo.asm
                   AilPre   0x006fb8    program     static Y:\Desktop\PIC18Fversion Version 2.0s\Servo.asm
                  Aileron   0x006740    program     static Y:\Desktop\PIC18Fversion Version 2.0s\ui.asm
                 Aileron1   0x006772    program     static Y:\Desktop\PIC18Fversion Version 2.0s\ui.asm
                 Aileron2   0x006786    program     static Y:\Desktop\PIC18Fversion Version 2.0s\ui.asm
             AircraftName   0x006b9c    program     static Y:\Desktop\PIC18Fversion Version 2.0s\AftName.asm
        AlternateAircraft   0x005566    program     static Y:\Desktop\PIC18Fversion Version 2.0s\mstar.asm
           ApplyDualRates   0x003ec0    program     static Y:\Desktop\PIC18Fversion Version 2.0s\mstar.asm
                ApplyExpo   0x003de6    program     static Y:\Desktop\PIC18Fversion Version 2.0s\mstar.asm
         ApplyFixedMixers   0x0051c4    program     static Y:\Desktop\PIC18Fversion Version 2.0s\mstar.asm
    ApplyFixedMixersPrior   0x0051b4    program     static Y:\Desktop\PIC18Fversion Version 2.0s\mstar.asm
          ApplyHelicopter   0x0058fa    program     static Y:\Desktop\PIC18Fversion Version 2.0s\helicopter.asm
               ApplyLimit   0x004ae2    program     static Y:\Desktop\PIC18Fversion Version 2.0s\mstar.asm
                 ApplyMix   0x000600    program     static Y:\Desktop\PIC18Fversion Version 2.0s\mstar.asm
          ApplyMixReplace   0x000666    program     static Y:\Desktop\PIC18Fversion Version 2.0s\mstar.asm
              ApplyMixers   0x004e3c    program     static Y:\Desktop\PIC18Fversion Version 2.0s\mstar.asm
            ApplySlewRate   0x00457e    program     static Y:\Desktop\PIC18Fversion Version 2.0s\mstar.asm
                ApplySnap   0x004436    program     static Y:\Desktop\PIC18Fversion Version 2.0s\mstar.asm
            ApplySubTrims   0x004324    program     static Y:\Desktop\PIC18Fversion Version 2.0s\mstar.asm
              ApplySymSet   0x006f36    program     static Y:\Desktop\PIC18Fversion Version 2.0s\Servo.asm
               ApplyToAll   0x006804    program     static Y:\Desktop\PIC18Fversion Version 2.0s\ui.asm
               ApplyTrims   0x004138    program     static Y:\Desktop\PIC18Fversion Version 2.0s\mstar.asm
                AutoLimit   0x00486e    program     static Y:\Desktop\PIC18Fversion Version 2.0s\mstar.asm
               AutoLimit1   0x004880    program     static Y:\Desktop\PIC18Fversion Version 2.0s\mstar.asm
               AutoLimit2   0x00489e    program     static Y:\Desktop\PIC18Fversion Version 2.0s\mstar.asm
               AutoLimit3   0x004894    program     static Y:\Desktop\PIC18Fversion Version 2.0s\mstar.asm
                 AutoTrim   0x0046e6    program     static Y:\Desktop\PIC18Fversion Version 2.0s\mstar.asm
                AutoTrim0   0x004728    program     static Y:\Desktop\PIC18Fversion Version 2.0s\mstar.asm
               AutoTrim1a   0x004762    program     static Y:\Desktop\PIC18Fversion Version 2.0s\mstar.asm
               AutoTrim1b   0x004786    program     static Y:\Desktop\PIC18Fversion Version 2.0s\mstar.asm
               AutoTrim1c   0x004776    program     static Y:\Desktop\PIC18Fversion Version 2.0s\mstar.asm
               AutoTrim1d   0x004790    program     static Y:\Desktop\PIC18Fversion Version 2.0s\mstar.asm
               AutoTrim1e   0x004746    program     static Y:\Desktop\PIC18Fversion Version 2.0s\mstar.asm
            AutoTrim1plim   0x00477c    program     static Y:\Desktop\PIC18Fversion Version 2.0s\mstar.asm
                AutoTrim2   0x004794    program     static Y:\Desktop\PIC18Fversion Version 2.0s\mstar.asm
            AutoTrim2Zero   0x00766e    program     static Y:\Desktop\PIC18Fversion Version 2.0s\Options.asm
               AutoTrim2a   0x0047ce    program     static Y:\Desktop\PIC18Fversion Version 2.0s\mstar.asm
               AutoTrim2b   0x0047f2    program     static Y:\Desktop\PIC18Fversion Version 2.0s\mstar.asm
               AutoTrim2c   0x0047e2    program     static Y:\Desktop\PIC18Fversion Version 2.0s\mstar.asm
               AutoTrim2d   0x0047fc    program     static Y:\Desktop\PIC18Fversion Version 2.0s\mstar.asm
               AutoTrim2e   0x0047b2    program     static Y:\Desktop\PIC18Fversion Version 2.0s\mstar.asm
            AutoTrim2plim   0x0047e8    program     static Y:\Desktop\PIC18Fversion Version 2.0s\mstar.asm
                AutoTrim3   0x004800    program     static Y:\Desktop\PIC18Fversion Version 2.0s\mstar.asm
               AutoTrim3a   0x00483a    program     static Y:\Desktop\PIC18Fversion Version 2.0s\mstar.asm
               AutoTrim3b   0x00485e    program     static Y:\Desktop\PIC18Fversion Version 2.0s\mstar.asm
               AutoTrim3c   0x00484e    program     static Y:\Desktop\PIC18Fversion Version 2.0s\mstar.asm
               AutoTrim3d   0x004868    program     static Y:\Desktop\PIC18Fversion Version 2.0s\mstar.asm
               AutoTrim3e   0x00481e    program     static Y:\Desktop\PIC18Fversion Version 2.0s\mstar.asm
            AutoTrim3plim   0x004854    program     static Y:\Desktop\PIC18Fversion Version 2.0s\mstar.asm
                AutoTrim4   0x00486c    program     static Y:\Desktop\PIC18Fversion Version 2.0s\mstar.asm
          AutoTrimMonitor   0x00389c    program     static Y:\Desktop\PIC18Fversion Version 2.0s\Monitor.asm
         AuxServoChanMode   0x0015de    program     static Y:\Desktop\PIC18Fversion Version 2.0s\mstar.asm
              AuxStateClr   0x0015ec    program     static Y:\Desktop\PIC18Fversion Version 2.0s\mstar.asm
                     BID0   0x0056c6    program     static Y:\Desktop\PIC18Fversion Version 2.0s\mstar.asm
                     BID1   0x00571a    program     static Y:\Desktop\PIC18Fversion Version 2.0s\mstar.asm
                     BID2   0x00576e    program     static Y:\Desktop\PIC18Fversion Version 2.0s\mstar.asm
                     BID3   0x0057bc    program     static Y:\Desktop\PIC18Fversion Version 2.0s\mstar.asm
                     BID4   0x0057ea    program     static Y:\Desktop\PIC18Fversion Version 2.0s\mstar.asm
                     BID5   0x005818    program     static Y:\Desktop\PIC18Fversion Version 2.0s\mstar.asm
                     BID6   0x005846    program     static Y:\Desktop\PIC18Fversion Version 2.0s\mstar.asm
                 BIDAUTOT   0x0057be    program     static Y:\Desktop\PIC18Fversion Version 2.0s\mstar.asm
                   BIDELE   0x0056e8    program     static Y:\Desktop\PIC18Fversion Version 2.0s\mstar.asm
                  BIDEXIT   0x00584a    program     static Y:\Desktop\PIC18Fversion Version 2.0s\mstar.asm
                  BIDNEXT   0x005848    program     static Y:\Desktop\PIC18Fversion Version 2.0s\mstar.asm
                BIDPRESET   0x005790    program     static Y:\Desktop\PIC18Fversion Version 2.0s\mstar.asm
                   BIDRUD   0x00573c    program     static Y:\Desktop\PIC18Fversion Version 2.0s\mstar.asm
                 BIDSNAPL   0x00581a    program     static Y:\Desktop\PIC18Fversion Version 2.0s\mstar.asm
                 BIDSNAPR   0x0057ec    program     static Y:\Desktop\PIC18Fversion Version 2.0s\mstar.asm
           BackupAircraft   0x004d0a    program     static Y:\Desktop\PIC18Fversion Version 2.0s\mstar.asm
                     Beep   0x001844    program     static Y:\Desktop\PIC18Fversion Version 2.0s\mstar.asm
                  BlkMove   0x005600    program     static Y:\Desktop\PIC18Fversion Version 2.0s\mstar.asm
                 BlkMove1   0x005614    program     static Y:\Desktop\PIC18Fversion Version 2.0s\mstar.asm
                 ButtonID   0x00568e    program     static Y:\Desktop\PIC18Fversion Version 2.0s\mstar.asm
             ButtonIDinit   0x005626    program     static Y:\Desktop\PIC18Fversion Version 2.0s\mstar.asm
                BuzInited   0x000954    program     static Y:\Desktop\PIC18Fversion Version 2.0s\mstar.asm
                BuzInvert   0x001862    program     static Y:\Desktop\PIC18Fversion Version 2.0s\mstar.asm
                    BuzOK   0x0006ec    program     static Y:\Desktop\PIC18Fversion Version 2.0s\mstar.asm
                   C1608S   0x002946    program     static Y:\Desktop\PIC18Fversion Version 2.0s\Math.asm
                 C1608SOK   0x002a40    program     static Y:\Desktop\PIC18Fversion Version 2.0s\Math.asm
                  C1608SX   0x00293c    program     static Y:\Desktop\PIC18Fversion Version 2.0s\Math.asm
                 C1608SX1   0x002a54    program     static Y:\Desktop\PIC18Fversion Version 2.0s\Math.asm
                 C1608SX2   0x002a7e    program     static Y:\Desktop\PIC18Fversion Version 2.0s\Math.asm
                 C1608SX3   0x002a86    program     static Y:\Desktop\PIC18Fversion Version 2.0s\Math.asm
                 C1608SX4   0x002a90    program     static Y:\Desktop\PIC18Fversion Version 2.0s\Math.asm
                   C2416S   0x002af4    program     static Y:\Desktop\PIC18Fversion Version 2.0s\DIV2416.ASM
                 C2416SOK   0x002de2    program     static Y:\Desktop\PIC18Fversion Version 2.0s\DIV2416.ASM
                  C2416SX   0x002aea    program     static Y:\Desktop\PIC18Fversion Version 2.0s\DIV2416.ASM
                 C2416SX1   0x002dfe    program     static Y:\Desktop\PIC18Fversion Version 2.0s\DIV2416.ASM
                 C2416SX2   0x002e30    program     static Y:\Desktop\PIC18Fversion Version 2.0s\DIV2416.ASM
                 C2416SX3   0x002e3a    program     static Y:\Desktop\PIC18Fversion Version 2.0s\DIV2416.ASM
                 C2416SX4   0x002e46    program     static Y:\Desktop\PIC18Fversion Version 2.0s\DIV2416.ASM
                  CA1608S   0x00292e    program     static Y:\Desktop\PIC18Fversion Version 2.0s\Math.asm
                  CA2416S   0x002ad8    program     static Y:\Desktop\PIC18Fversion Version 2.0s\DIV2416.ASM
                  CALMES0   0x0087cc    program     static Y:\Desktop\PIC18Fversion Version 2.0s\data.asm
                  CALMES1   0x0087de    program     static Y:\Desktop\PIC18Fversion Version 2.0s\data.asm
                 CALMES10   0x00889e    program     static Y:\Desktop\PIC18Fversion Version 2.0s\data.asm
                 CALMES11   0x0088b6    program     static Y:\Desktop\PIC18Fversion Version 2.0s\data.asm
                 CALMES12   0x0088ce    program     static Y:\Desktop\PIC18Fversion Version 2.0s\data.asm
                 CALMES13   0x0088e6    program     static Y:\Desktop\PIC18Fversion Version 2.0s\data.asm
                 CALMES14   0x0088fe    program     static Y:\Desktop\PIC18Fversion Version 2.0s\data.asm
                  CALMES2   0x0087f6    program     static Y:\Desktop\PIC18Fversion Version 2.0s\data.asm
                  CALMES3   0x00880e    program     static Y:\Desktop\PIC18Fversion Version 2.0s\data.asm
                  CALMES4   0x008826    program     static Y:\Desktop\PIC18Fversion Version 2.0s\data.asm
                  CALMES5   0x00883e    program     static Y:\Desktop\PIC18Fversion Version 2.0s\data.asm
                  CALMES6   0x008856    program     static Y:\Desktop\PIC18Fversion Version 2.0s\data.asm
                  CALMES7   0x00886e    program     static Y:\Desktop\PIC18Fversion Version 2.0s\data.asm
                  CALMES8   0x008886    program     static Y:\Desktop\PIC18Fversion Version 2.0s\data.asm
                  CALexit   0x005d40    program     static Y:\Desktop\PIC18Fversion Version 2.0s\ui.asm
                  CALmode   0x000c8c    program     static Y:\Desktop\PIC18Fversion Version 2.0s\mstar.asm
               CALoptions   0x000300    program     static Y:\Desktop\PIC18Fversion Version 2.0s\mstar.asm
                     CAN0   0x006bae    program     static Y:\Desktop\PIC18Fversion Version 2.0s\AftName.asm
                     CAN1   0x006bf6    program     static Y:\Desktop\PIC18Fversion Version 2.0s\AftName.asm
                     CAN2   0x006c0e    program     static Y:\Desktop\PIC18Fversion Version 2.0s\AftName.asm
                     CAN3   0x006c24    program     static Y:\Desktop\PIC18Fversion Version 2.0s\AftName.asm
                     CAN4   0x006c36    program     static Y:\Desktop\PIC18Fversion Version 2.0s\AftName.asm
                     CANa   0x006bda    program     static Y:\Desktop\PIC18Fversion Version 2.0s\AftName.asm
                    CCPM1   0x005254    program     static Y:\Desktop\PIC18Fversion Version 2.0s\mstar.asm
                    CCPM2   0x005268    program     static Y:\Desktop\PIC18Fversion Version 2.0s\mstar.asm
                CCPMmixer   0x005230    program     static Y:\Desktop\PIC18Fversion Version 2.0s\mstar.asm
                CH567Post   0x007180    program     static Y:\Desktop\PIC18Fversion Version 2.0s\Servo.asm
                 CH567Pre   0x007136    program     static Y:\Desktop\PIC18Fversion Version 2.0s\Servo.asm
                   CH5Mes   0x003676    program     static Y:\Desktop\PIC18Fversion Version 2.0s\Monitor.asm
                  CH5Post   0x007176    program     static Y:\Desktop\PIC18Fversion Version 2.0s\Servo.asm
                   CH5Pre   0x007126    program     static Y:\Desktop\PIC18Fversion Version 2.0s\Servo.asm
                 CH5_Done   0x003cbe    program     static Y:\Desktop\PIC18Fversion Version 2.0s\mstar.asm
                  CH5_OFF   0x003cb4    program     static Y:\Desktop\PIC18Fversion Version 2.0s\mstar.asm
                   CH6Mes   0x003686    program     static Y:\Desktop\PIC18Fversion Version 2.0s\Monitor.asm
                  CH6Post   0x00719c    program     static Y:\Desktop\PIC18Fversion Version 2.0s\Servo.asm
                   CH6Pre   0x00714e    program     static Y:\Desktop\PIC18Fversion Version 2.0s\Servo.asm
                  CH6save   0x004a36    program     static Y:\Desktop\PIC18Fversion Version 2.0s\mstar.asm
                   CH7Mes   0x003696    program     static Y:\Desktop\PIC18Fversion Version 2.0s\Monitor.asm
                  CH7Post   0x0071aa    program     static Y:\Desktop\PIC18Fversion Version 2.0s\Servo.asm
                   CH7Pre   0x007162    program     static Y:\Desktop\PIC18Fversion Version 2.0s\Servo.asm
                  CH7save   0x004a68    program     static Y:\Desktop\PIC18Fversion Version 2.0s\mstar.asm
                   CH8Mes   0x0036a6    program     static Y:\Desktop\PIC18Fversion Version 2.0s\Monitor.asm
                  CH8Post   0x0071da    program     static Y:\Desktop\PIC18Fversion Version 2.0s\Servo.asm
                   CH8Pre   0x0071b8    program     static Y:\Desktop\PIC18Fversion Version 2.0s\Servo.asm
                 CH8_Done   0x003d76    program     static Y:\Desktop\PIC18Fversion Version 2.0s\mstar.asm
                    CH8_b   0x003d5e    program     static Y:\Desktop\PIC18Fversion Version 2.0s\mstar.asm
                    CH8_c   0x003d42    program     static Y:\Desktop\PIC18Fversion Version 2.0s\mstar.asm
                     CMA1   0x00751e    program     static Y:\Desktop\PIC18Fversion Version 2.0s\Mixers.asm
                     CMA2   0x00752e    program     static Y:\Desktop\PIC18Fversion Version 2.0s\Mixers.asm
                      CN1   0x003a76    program     static Y:\Desktop\PIC18Fversion Version 2.0s\mstar.asm
                     COP1   0x00a1f2    program     static Y:\Desktop\PIC18Fversion Version 2.0s\data.asm
                    COP10   0x00a2fa    program     static Y:\Desktop\PIC18Fversion Version 2.0s\data.asm
                    COP11   0x00a314    program     static Y:\Desktop\PIC18Fversion Version 2.0s\data.asm
                    COP12   0x00a32e    program     static Y:\Desktop\PIC18Fversion Version 2.0s\data.asm
                    COP13   0x00a34a    program     static Y:\Desktop\PIC18Fversion Version 2.0s\data.asm
                     COP2   0x00a20c    program     static Y:\Desktop\PIC18Fversion Version 2.0s\data.asm
                     COP3   0x00a22a    program     static Y:\Desktop\PIC18Fversion Version 2.0s\data.asm
                     COP4   0x00a248    program     static Y:\Desktop\PIC18Fversion Version 2.0s\data.asm
                     COP5   0x00a266    program     static Y:\Desktop\PIC18Fversion Version 2.0s\data.asm
                     COP6   0x00a280    program     static Y:\Desktop\PIC18Fversion Version 2.0s\data.asm
                     COP7   0x00a2a0    program     static Y:\Desktop\PIC18Fversion Version 2.0s\data.asm
                     COP8   0x00a2be    program     static Y:\Desktop\PIC18Fversion Version 2.0s\data.asm
                     COP9   0x00a2de    program     static Y:\Desktop\PIC18Fversion Version 2.0s\data.asm
                     CSP1   0x0048d6    program     static Y:\Desktop\PIC18Fversion Version 2.0s\mstar.asm
                     CSP2   0x0048ea    program     static Y:\Desktop\PIC18Fversion Version 2.0s\mstar.asm
                     CSP3   0x004928    program     static Y:\Desktop\PIC18Fversion Version 2.0s\mstar.asm
                     CSP4   0x00493c    program     static Y:\Desktop\PIC18Fversion Version 2.0s\mstar.asm
                     CSP5   0x00497a    program     static Y:\Desktop\PIC18Fversion Version 2.0s\mstar.asm
                     CSP6   0x00498e    program     static Y:\Desktop\PIC18Fversion Version 2.0s\mstar.asm
                     CSP7   0x004a92    program     static Y:\Desktop\PIC18Fversion Version 2.0s\mstar.asm
                     CSP8   0x004a9e    program     static Y:\Desktop\PIC18Fversion Version 2.0s\mstar.asm
                     CSP9   0x004ae0    program     static Y:\Desktop\PIC18Fversion Version 2.0s\mstar.asm
                     CUI2   0x006a74    program     static Y:\Desktop\PIC18Fversion Version 2.0s\ui.asm
                    CUI2a   0x006a7e    program     static Y:\Desktop\PIC18Fversion Version 2.0s\ui.asm
                     CUI3   0x0069e4    program     static Y:\Desktop\PIC18Fversion Version 2.0s\ui.asm
                     CUI4   0x006a44    program     static Y:\Desktop\PIC18Fversion Version 2.0s\ui.asm
                    CUI4a   0x006a50    program     static Y:\Desktop\PIC18Fversion Version 2.0s\ui.asm
                     CUI5   0x006a0c    program     static Y:\Desktop\PIC18Fversion Version 2.0s\ui.asm
              CalAdvanced   0x006952    program     static Y:\Desktop\PIC18Fversion Version 2.0s\ui.asm
          CalAircraftName   0x00685e    program     static Y:\Desktop\PIC18Fversion Version 2.0s\ui.asm
            CalHelicopter   0x00696e    program     static Y:\Desktop\PIC18Fversion Version 2.0s\ui.asm
                CalMixers   0x0068da    program     static Y:\Desktop\PIC18Fversion Version 2.0s\ui.asm
           CalModeProcess   0x005db4    program     static Y:\Desktop\PIC18Fversion Version 2.0s\ui.asm
                CalNotSel   0x000cd4    program     static Y:\Desktop\PIC18Fversion Version 2.0s\mstar.asm
               CalOptions   0x006912    program     static Y:\Desktop\PIC18Fversion Version 2.0s\ui.asm
           CalSaveAndExit   0x005d54    program     static Y:\Desktop\PIC18Fversion Version 2.0s\ui.asm
              CalSaveExit   0x006890    program     static Y:\Desktop\PIC18Fversion Version 2.0s\ui.asm
        CalSelectAircraft   0x00685a    program     static Y:\Desktop\PIC18Fversion Version 2.0s\ui.asm
       CalSelectFrequency   0x00694e    program     static Y:\Desktop\PIC18Fversion Version 2.0s\ui.asm
                CalServos   0x0068be    program     static Y:\Desktop\PIC18Fversion Version 2.0s\ui.asm
                  CalSnap   0x0068a2    program     static Y:\Desktop\PIC18Fversion Version 2.0s\ui.asm
                CalSwitch   0x0068f6    program     static Y:\Desktop\PIC18Fversion Version 2.0s\ui.asm
           CalSystemSetup   0x006932    program     static Y:\Desktop\PIC18Fversion Version 2.0s\ui.asm
                 CalTimer   0x006878    program     static Y:\Desktop\PIC18Fversion Version 2.0s\ui.asm
                    CalUI   0x0069aa    program     static Y:\Desktop\PIC18Fversion Version 2.0s\ui.asm
                 CalVolt1   0x007b60    program     static Y:\Desktop\PIC18Fversion Version 2.0s\System.asm
                 CalVolt2   0x007b74    program     static Y:\Desktop\PIC18Fversion Version 2.0s\System.asm
             CalVoltMeter   0x007adc    program     static Y:\Desktop\PIC18Fversion Version 2.0s\System.asm
     CalculateFixedMixers   0x004eec    program     static Y:\Desktop\PIC18Fversion Version 2.0s\mstar.asm
CalculateNormalizedPositions   0x003abe    program     static Y:\Desktop\PIC18Fversion Version 2.0s\mstar.asm
  CalculateServoPositions   0x0048b2    program     static Y:\Desktop\PIC18Fversion Version 2.0s\mstar.asm
              Calibration   0x005d8a    program     static Y:\Desktop\PIC18Fversion Version 2.0s\ui.asm
                CallBXreg   0x005fae    program     static Y:\Desktop\PIC18Fversion Version 2.0s\ui.asm
               CenterBeep   0x003f7c    program     static Y:\Desktop\PIC18Fversion Version 2.0s\mstar.asm
          CenterNormalize   0x003a3c    program     static Y:\Desktop\PIC18Fversion Version 2.0s\mstar.asm
                   CmdEnd   0x0023d6    program     static Y:\Desktop\PIC18Fversion Version 2.0s\comms.asm
                ConfigLoc   0x010000    program     static Y:\Desktop\PIC18Fversion Version 2.0s\mstar.asm
            Convert2Gains   0x006e12    program     static Y:\Desktop\PIC18Fversion Version 2.0s\Servo.asm
          Convert2GainsNC   0x006ea4    program     static Y:\Desktop\PIC18Fversion Version 2.0s\Servo.asm
            Convert2Times   0x006c9a    program     static Y:\Desktop\PIC18Fversion Version 2.0s\Servo.asm
          Convert2TimesNC   0x006d78    program     static Y:\Desktop\PIC18Fversion Version 2.0s\Servo.asm
                  CopyAFT   0x007642    program     static Y:\Desktop\PIC18Fversion Version 2.0s\Options.asm
                CopyAFTgo   0x00764e    program     static Y:\Desktop\PIC18Fversion Version 2.0s\Options.asm
                      DF0   0x007c38    program     static Y:\Desktop\PIC18Fversion Version 2.0s\SelFreq.asm
                  DF50MHz   0x007c74    program     static Y:\Desktop\PIC18Fversion Version 2.0s\SelFreq.asm
                  DF72MHz   0x007cde    program     static Y:\Desktop\PIC18Fversion Version 2.0s\SelFreq.asm
              DFTaircraft   0x00b8c2    program     static Y:\Desktop\PIC18Fversion Version 2.0s\mstar.asm
             DFTaircraft2   0x00b9c2    program     static Y:\Desktop\PIC18Fversion Version 2.0s\mstar.asm
               DFTgeneral   0x00b7c2    program     static Y:\Desktop\PIC18Fversion Version 2.0s\mstar.asm
                   DSP3d1   0x000f70    program     static Y:\Desktop\PIC18Fversion Version 2.0s\mstar.asm
                     DTL0   0x008210    program     static Y:\Desktop\PIC18Fversion Version 2.0s\DigitalTrims.asm
                   DTmess   0x00822c    program     static Y:\Desktop\PIC18Fversion Version 2.0s\DigitalTrims.asm
                   DTrim0   0x0081dc    program     static Y:\Desktop\PIC18Fversion Version 2.0s\DigitalTrims.asm
                   DTrim1   0x0081d4    program     static Y:\Desktop\PIC18Fversion Version 2.0s\DigitalTrims.asm
                   DTrim2   0x00819c    program     static Y:\Desktop\PIC18Fversion Version 2.0s\DigitalTrims.asm
                DUALAILM1   0x00995a    program     static Y:\Desktop\PIC18Fversion Version 2.0s\data.asm
                DUALAILM2   0x009974    program     static Y:\Desktop\PIC18Fversion Version 2.0s\data.asm
                DUALAILM3   0x00998e    program     static Y:\Desktop\PIC18Fversion Version 2.0s\data.asm
                DUALAILM4   0x0099a8    program     static Y:\Desktop\PIC18Fversion Version 2.0s\data.asm
                DUALAILM5   0x0099c2    program     static Y:\Desktop\PIC18Fversion Version 2.0s\data.asm
                DUALAILM6   0x0099dc    program     static Y:\Desktop\PIC18Fversion Version 2.0s\data.asm
                 Delay1mS   0x001b20    program     static Y:\Desktop\PIC18Fversion Version 2.0s\mstar.asm
                Delay1mS0   0x001b22    program     static Y:\Desktop\PIC18Fversion Version 2.0s\mstar.asm
                 Delay2uS   0x001b16    program     static Y:\Desktop\PIC18Fversion Version 2.0s\mstar.asm
              DigitalTrim   0x008186    program     static Y:\Desktop\PIC18Fversion Version 2.0s\DigitalTrims.asm
          DigitalTrimInit   0x007f56    program     static Y:\Desktop\PIC18Fversion Version 2.0s\DigitalTrims.asm
         DigitalTrimLimit   0x0081ee    program     static Y:\Desktop\PIC18Fversion Version 2.0s\DigitalTrims.asm
         DispAircraftDone   0x000eaa    program     static Y:\Desktop\PIC18Fversion Version 2.0s\mstar.asm
                   DispBT   0x000e0e    program     static Y:\Desktop\PIC18Fversion Version 2.0s\mstar.asm
                 DispNoBT   0x000e20    program     static Y:\Desktop\PIC18Fversion Version 2.0s\mstar.asm
             DispNoSaveBT   0x000e52    program     static Y:\Desktop\PIC18Fversion Version 2.0s\mstar.asm
           DispNotStudent   0x000ea2    program     static Y:\Desktop\PIC18Fversion Version 2.0s\mstar.asm
                  Display   0x000d3e    program     static Y:\Desktop\PIC18Fversion Version 2.0s\mstar.asm
      DisplayAircraftName   0x000d1c    program     static Y:\Desktop\PIC18Fversion Version 2.0s\mstar.asm
       DisplayCalibration   0x005da6    program     static Y:\Desktop\PIC18Fversion Version 2.0s\ui.asm
         DisplayFrequency   0x007c14    program     static Y:\Desktop\PIC18Fversion Version 2.0s\SelFreq.asm
          DisplayModeDone   0x000d52    program     static Y:\Desktop\PIC18Fversion Version 2.0s\mstar.asm
           DisplayServoMS   0x003816    program     static Y:\Desktop\PIC18Fversion Version 2.0s\Monitor.asm
              DisplayTrim   0x00826c    program     static Y:\Desktop\PIC18Fversion Version 2.0s\DigitalTrims.asm
                Divide168   0x00290a    program     static Y:\Desktop\PIC18Fversion Version 2.0s\Math.asm
               Divide2416   0x002aac    program     static Y:\Desktop\PIC18Fversion Version 2.0s\DIV2416.ASM
              Divide3232u   0x002e72    program     static Y:\Desktop\PIC18Fversion Version 2.0s\DIV3232U.ASM
                     Dsp1   0x000eda    program     static Y:\Desktop\PIC18Fversion Version 2.0s\mstar.asm
                     Dsp2   0x000ed8    program     static Y:\Desktop\PIC18Fversion Version 2.0s\mstar.asm
                     Dsp3   0x000f40    program     static Y:\Desktop\PIC18Fversion Version 2.0s\mstar.asm
                    Dsp3a   0x000efe    program     static Y:\Desktop\PIC18Fversion Version 2.0s\mstar.asm
                    Dsp3b   0x000f14    program     static Y:\Desktop\PIC18Fversion Version 2.0s\mstar.asm
                    Dsp3c   0x000f2a    program     static Y:\Desktop\PIC18Fversion Version 2.0s\mstar.asm
                    Dsp3d   0x000f92    program     static Y:\Desktop\PIC18Fversion Version 2.0s\mstar.asm
                  Dsp3d1a   0x000f8a    program     static Y:\Desktop\PIC18Fversion Version 2.0s\mstar.asm
               EEPROMnext   0x001b46    program     static Y:\Desktop\PIC18Fversion Version 2.0s\EEPROM.asm
             EEPROMnextRB   0x001b6c    program     static Y:\Desktop\PIC18Fversion Version 2.0s\EEPROM.asm
             EEPROMnextWB   0x001bf4    program     static Y:\Desktop\PIC18Fversion Version 2.0s\EEPROM.asm
               EEPROMread   0x001b36    program     static Y:\Desktop\PIC18Fversion Version 2.0s\EEPROM.asm
          EEPROMreadBlock   0x001b56    program     static Y:\Desktop\PIC18Fversion Version 2.0s\EEPROM.asm
           EEPROMreadByte   0x001b7e    program     static Y:\Desktop\PIC18Fversion Version 2.0s\EEPROM.asm
         EEPROMwriteBWait   0x001c0c    program     static Y:\Desktop\PIC18Fversion Version 2.0s\EEPROM.asm
         EEPROMwriteBlock   0x001bdc    program     static Y:\Desktop\PIC18Fversion Version 2.0s\EEPROM.asm
          EEPROMwriteByte   0x001b94    program     static Y:\Desktop\PIC18Fversion Version 2.0s\EEPROM.asm
      EEPROMwriteByteWait   0x001bb8    program     static Y:\Desktop\PIC18Fversion Version 2.0s\EEPROM.asm
          EEPROMwriteWord   0x001bc2    program     static Y:\Desktop\PIC18Fversion Version 2.0s\EEPROM.asm
                     EEX1   0x003e5a    program     static Y:\Desktop\PIC18Fversion Version 2.0s\mstar.asm
                    EEX1a   0x003e6a    program     static Y:\Desktop\PIC18Fversion Version 2.0s\mstar.asm
                   EleMes   0x003646    program     static Y:\Desktop\PIC18Fversion Version 2.0s\Monitor.asm
                  ElePost   0x007038    program     static Y:\Desktop\PIC18Fversion Version 2.0s\Servo.asm
                   ElePre   0x006fe2    program     static Y:\Desktop\PIC18Fversion Version 2.0s\Servo.asm
                 Elevator   0x00678c    program     static Y:\Desktop\PIC18Fversion Version 2.0s\ui.asm
                Elevator1   0x0067d2    program     static Y:\Desktop\PIC18Fversion Version 2.0s\ui.asm
                Elevator2   0x0067fe    program     static Y:\Desktop\PIC18Fversion Version 2.0s\ui.asm
              EndAuxState   0x0015ee    program     static Y:\Desktop\PIC18Fversion Version 2.0s\mstar.asm
                     Expo   0x003d78    program     static Y:\Desktop\PIC18Fversion Version 2.0s\mstar.asm
                  ExpoPos   0x003db2    program     static Y:\Desktop\PIC18Fversion Version 2.0s\mstar.asm
                    FMIX1   0x009412    program     static Y:\Desktop\PIC18Fversion Version 2.0s\data.asm
                   FMIX10   0x009532    program     static Y:\Desktop\PIC18Fversion Version 2.0s\data.asm
                   FMIX11   0x009552    program     static Y:\Desktop\PIC18Fversion Version 2.0s\data.asm
                   FMIX12   0x009572    program     static Y:\Desktop\PIC18Fversion Version 2.0s\data.asm
                   FMIX13   0x009592    program     static Y:\Desktop\PIC18Fversion Version 2.0s\data.asm
                   FMIX14   0x0095ac    program     static Y:\Desktop\PIC18Fversion Version 2.0s\data.asm
                   FMIX15   0x0095cc    program     static Y:\Desktop\PIC18Fversion Version 2.0s\data.asm
                   FMIX16   0x0095ec    program     static Y:\Desktop\PIC18Fversion Version 2.0s\data.asm
                   FMIX17   0x00960c    program     static Y:\Desktop\PIC18Fversion Version 2.0s\data.asm
                   FMIX18   0x009628    program     static Y:\Desktop\PIC18Fversion Version 2.0s\data.asm
                   FMIX19   0x009644    program     static Y:\Desktop\PIC18Fversion Version 2.0s\data.asm
                    FMIX2   0x009432    program     static Y:\Desktop\PIC18Fversion Version 2.0s\data.asm
                   FMIX20   0x009660    program     static Y:\Desktop\PIC18Fversion Version 2.0s\data.asm
                   FMIX21   0x00967a    program     static Y:\Desktop\PIC18Fversion Version 2.0s\data.asm
                   FMIX22   0x009696    program     static Y:\Desktop\PIC18Fversion Version 2.0s\data.asm
                   FMIX23   0x0096b0    program     static Y:\Desktop\PIC18Fversion Version 2.0s\data.asm
                   FMIX24   0x0096cc    program     static Y:\Desktop\PIC18Fversion Version 2.0s\data.asm
                    FMIX3   0x009452    program     static Y:\Desktop\PIC18Fversion Version 2.0s\data.asm
                    FMIX4   0x009472    program     static Y:\Desktop\PIC18Fversion Version 2.0s\data.asm
                    FMIX5   0x009492    program     static Y:\Desktop\PIC18Fversion Version 2.0s\data.asm
                    FMIX6   0x0094b2    program     static Y:\Desktop\PIC18Fversion Version 2.0s\data.asm
                    FMIX7   0x0094d2    program     static Y:\Desktop\PIC18Fversion Version 2.0s\data.asm
                    FMIX8   0x0094f2    program     static Y:\Desktop\PIC18Fversion Version 2.0s\data.asm
                    FMIX9   0x009512    program     static Y:\Desktop\PIC18Fversion Version 2.0s\data.asm
                  FMIXOP1   0x009854    program     static Y:\Desktop\PIC18Fversion Version 2.0s\data.asm
                 FMIXOP10   0x009940    program     static Y:\Desktop\PIC18Fversion Version 2.0s\data.asm
                  FMIXOP2   0x00986e    program     static Y:\Desktop\PIC18Fversion Version 2.0s\data.asm
                  FMIXOP3   0x00988a    program     static Y:\Desktop\PIC18Fversion Version 2.0s\data.asm
                  FMIXOP4   0x0098a4    program     static Y:\Desktop\PIC18Fversion Version 2.0s\data.asm
                  FMIXOP5   0x0098be    program     static Y:\Desktop\PIC18Fversion Version 2.0s\data.asm
                  FMIXOP6   0x0098d8    program     static Y:\Desktop\PIC18Fversion Version 2.0s\data.asm
                  FMIXOP7   0x0098f2    program     static Y:\Desktop\PIC18Fversion Version 2.0s\data.asm
                  FMIXOP8   0x00990c    program     static Y:\Desktop\PIC18Fversion Version 2.0s\data.asm
                  FMIXOP9   0x009926    program     static Y:\Desktop\PIC18Fversion Version 2.0s\data.asm
                  FMIXST1   0x009806    program     static Y:\Desktop\PIC18Fversion Version 2.0s\data.asm
                  FMIXST2   0x009820    program     static Y:\Desktop\PIC18Fversion Version 2.0s\data.asm
                  FMIXST3   0x00983a    program     static Y:\Desktop\PIC18Fversion Version 2.0s\data.asm
                      FMS   0x00284e    program     static Y:\Desktop\PIC18Fversion Version 2.0s\FMS.asm
                  FMSNotZ   0x00283a    program     static Y:\Desktop\PIC18Fversion Version 2.0s\FMS.asm
                 FMScNotZ   0x0027fa    program     static Y:\Desktop\PIC18Fversion Version 2.0s\FMS.asm
                FMScenter   0x0027e0    program     static Y:\Desktop\PIC18Fversion Version 2.0s\FMS.asm
                  FMSdiv4   0x002812    program     static Y:\Desktop\PIC18Fversion Version 2.0s\FMS.asm
                  FMSdiv8   0x00280e    program     static Y:\Desktop\PIC18Fversion Version 2.0s\FMS.asm
                FMSenable   0x007776    program     static Y:\Desktop\PIC18Fversion Version 2.0s\System.asm
               FMSenable1   0x007784    program     static Y:\Desktop\PIC18Fversion Version 2.0s\System.asm
                  FMSinit   0x0027b0    program     static Y:\Desktop\PIC18Fversion Version 2.0s\FMS.asm
                 FMSinit1   0x0027cc    program     static Y:\Desktop\PIC18Fversion Version 2.0s\FMS.asm
             FMSnonCenter   0x002828    program     static Y:\Desktop\PIC18Fversion Version 2.0s\FMS.asm
                  FMSsend   0x00281c    program     static Y:\Desktop\PIC18Fversion Version 2.0s\FMS.asm
                     FS03   0x001c7a    program     static Y:\Desktop\PIC18Fversion Version 2.0s\Flash.asm
                     FS04   0x001c98    program     static Y:\Desktop\PIC18Fversion Version 2.0s\Flash.asm
                   FSexit   0x001ca0    program     static Y:\Desktop\PIC18Fversion Version 2.0s\Flash.asm
                 FXD1608S   0x00290a    program     static Y:\Desktop\PIC18Fversion Version 2.0s\Math.asm
                 FXD2416S   0x002aac    program     static Y:\Desktop\PIC18Fversion Version 2.0s\DIV2416.ASM
                 FXD3232U   0x002e72    program     static Y:\Desktop\PIC18Fversion Version 2.0s\DIV3232U.ASM
            FindSelection   0x005f50    program     static Y:\Desktop\PIC18Fversion Version 2.0s\ui.asm
         FlashAllAircraft   0x001cae    program     static Y:\Desktop\PIC18Fversion Version 2.0s\Flash.asm
     FlashAllAircraftNext   0x001cf6    program     static Y:\Desktop\PIC18Fversion Version 2.0s\Flash.asm
               FlashErase   0x001d74    program     static Y:\Desktop\PIC18Fversion Version 2.0s\Flash.asm
                FlashRead   0x001d46    program     static Y:\Desktop\PIC18Fversion Version 2.0s\Flash.asm
               FlashRead1   0x001d5e    program     static Y:\Desktop\PIC18Fversion Version 2.0s\Flash.asm
               FlashWrite   0x001dae    program     static Y:\Desktop\PIC18Fversion Version 2.0s\Flash.asm
          FlashWrite_8720   0x001e26    program     static Y:\Desktop\PIC18Fversion Version 2.0s\Flash.asm
                  FmtFlsh   0x0077d4    program     static Y:\Desktop\PIC18Fversion Version 2.0s\System.asm
              FormatFlash   0x001c1c    program     static Y:\Desktop\PIC18Fversion Version 2.0s\Flash.asm
                 FormatIt   0x00090c    program     static Y:\Desktop\PIC18Fversion Version 2.0s\mstar.asm
                 FormatOK   0x000914    program     static Y:\Desktop\PIC18Fversion Version 2.0s\mstar.asm
               FutabaDone   0x000c0e    program     static Y:\Desktop\PIC18Fversion Version 2.0s\mstar.asm
               FutabaMode   0x000bf2    program     static Y:\Desktop\PIC18Fversion Version 2.0s\mstar.asm
                 GTP_Norm   0x005bae    program     static Y:\Desktop\PIC18Fversion Version 2.0s\helicopter.asm
                 GTP_Save   0x005bb4    program     static Y:\Desktop\PIC18Fversion Version 2.0s\helicopter.asm
               GTP_Stunt1   0x005b98    program     static Y:\Desktop\PIC18Fversion Version 2.0s\helicopter.asm
               GTP_Stunt2   0x005b82    program     static Y:\Desktop\PIC18Fversion Version 2.0s\helicopter.asm
                  GetFrom   0x000500    program     static Y:\Desktop\PIC18Fversion Version 2.0s\mstar.asm
          GyroTuneProcess   0x005b32    program     static Y:\Desktop\PIC18Fversion Version 2.0s\helicopter.asm
                   HCGtbl   0x0020f4    program     static Y:\Desktop\PIC18Fversion Version 2.0s\lcd52.asm
                    HELI1   0x00b350    program     static Y:\Desktop\PIC18Fversion Version 2.0s\data.asm
                   HELI10   0x00b446    program     static Y:\Desktop\PIC18Fversion Version 2.0s\data.asm
                   HELI11   0x00b460    program     static Y:\Desktop\PIC18Fversion Version 2.0s\data.asm
                    HELI2   0x00b36c    program     static Y:\Desktop\PIC18Fversion Version 2.0s\data.asm
                    HELI3   0x00b388    program     static Y:\Desktop\PIC18Fversion Version 2.0s\data.asm
                    HELI4   0x00b3a4    program     static Y:\Desktop\PIC18Fversion Version 2.0s\data.asm
                    HELI5   0x00b3c0    program     static Y:\Desktop\PIC18Fversion Version 2.0s\data.asm
                    HELI6   0x00b3dc    program     static Y:\Desktop\PIC18Fversion Version 2.0s\data.asm
                    HELI7   0x00b3f8    program     static Y:\Desktop\PIC18Fversion Version 2.0s\data.asm
                    HELI8   0x00b412    program     static Y:\Desktop\PIC18Fversion Version 2.0s\data.asm
                    HELI9   0x00b42c    program     static Y:\Desktop\PIC18Fversion Version 2.0s\data.asm
                 HIGHISRS   0x00021c    program     static Y:\Desktop\PIC18Fversion Version 2.0s\mstar.asm
                HIGHISRS0   0x00023a    program     static Y:\Desktop\PIC18Fversion Version 2.0s\mstar.asm
                HIGHISRS1   0x000246    program     static Y:\Desktop\PIC18Fversion Version 2.0s\mstar.asm
                HIUP_NORM   0x005a06    program     static Y:\Desktop\PIC18Fversion Version 2.0s\helicopter.asm
                 HIUP_SET   0x005a16    program     static Y:\Desktop\PIC18Fversion Version 2.0s\helicopter.asm
                 HIUP_ST1   0x0059e4    program     static Y:\Desktop\PIC18Fversion Version 2.0s\helicopter.asm
                   HMD_S1   0x005c18    program     static Y:\Desktop\PIC18Fversion Version 2.0s\helicopter.asm
                   HMD_S2   0x005c2a    program     static Y:\Desktop\PIC18Fversion Version 2.0s\helicopter.asm
                   HMD_TH   0x005c06    program     static Y:\Desktop\PIC18Fversion Version 2.0s\helicopter.asm
                HPrevDone   0x005a86    program     static Y:\Desktop\PIC18Fversion Version 2.0s\helicopter.asm
    HelicopterModeDisplay   0x005bce    program     static Y:\Desktop\PIC18Fversion Version 2.0s\helicopter.asm
               HsetIdleUp   0x0059c2    program     static Y:\Desktop\PIC18Fversion Version 2.0s\helicopter.asm
                HsetPitch   0x005a38    program     static Y:\Desktop\PIC18Fversion Version 2.0s\helicopter.asm
          HsetSensitivity   0x005aca    program     static Y:\Desktop\PIC18Fversion Version 2.0s\helicopter.asm
             HsetThrottle   0x005a88    program     static Y:\Desktop\PIC18Fversion Version 2.0s\helicopter.asm
                  IDAILHI   0x008718    program     static Y:\Desktop\PIC18Fversion Version 2.0s\data.asm
                 IDAILLOW   0x00872a    program     static Y:\Desktop\PIC18Fversion Version 2.0s\data.asm
                  IDAUTOT   0x0087a8    program     static Y:\Desktop\PIC18Fversion Version 2.0s\data.asm
                  IDELEHI   0x00873c    program     static Y:\Desktop\PIC18Fversion Version 2.0s\data.asm
                 IDELELOW   0x00874e    program     static Y:\Desktop\PIC18Fversion Version 2.0s\data.asm
                  IDLEUP1   0x0099f6    program     static Y:\Desktop\PIC18Fversion Version 2.0s\data.asm
                  IDLEUP2   0x009a10    program     static Y:\Desktop\PIC18Fversion Version 2.0s\data.asm
                  IDLEUP3   0x009a2a    program     static Y:\Desktop\PIC18Fversion Version 2.0s\data.asm
                  IDLEUP4   0x009a44    program     static Y:\Desktop\PIC18Fversion Version 2.0s\data.asm
                 IDPRESET   0x0087ba    program     static Y:\Desktop\PIC18Fversion Version 2.0s\data.asm
                  IDRUDHI   0x008760    program     static Y:\Desktop\PIC18Fversion Version 2.0s\data.asm
                 IDRUDLOW   0x008772    program     static Y:\Desktop\PIC18Fversion Version 2.0s\data.asm
                  IDSNAPL   0x008796    program     static Y:\Desktop\PIC18Fversion Version 2.0s\data.asm
                  IDSNAPR   0x008784    program     static Y:\Desktop\PIC18Fversion Version 2.0s\data.asm
                  INT1ISR   0x001ab2    program     static Y:\Desktop\PIC18Fversion Version 2.0s\mstar.asm
             INT1ISR_EXIT   0x001b12    program     static Y:\Desktop\PIC18Fversion Version 2.0s\mstar.asm
                    Input   0x005fc6    program     static Y:\Desktop\PIC18Fversion Version 2.0s\ui.asm
                   Input1   0x006010    program     static Y:\Desktop\PIC18Fversion Version 2.0s\ui.asm
                   Input2   0x006024    program     static Y:\Desktop\PIC18Fversion Version 2.0s\ui.asm
                   Input3   0x006078    program     static Y:\Desktop\PIC18Fversion Version 2.0s\ui.asm
                   Input4   0x0060a2    program     static Y:\Desktop\PIC18Fversion Version 2.0s\ui.asm
                   Input5   0x0060c4    program     static Y:\Desktop\PIC18Fversion Version 2.0s\ui.asm
                   Input6   0x0060e8    program     static Y:\Desktop\PIC18Fversion Version 2.0s\ui.asm
                   Input7   0x006114    program     static Y:\Desktop\PIC18Fversion Version 2.0s\ui.asm
                   Input8   0x006122    program     static Y:\Desktop\PIC18Fversion Version 2.0s\ui.asm
                  Input8a   0x00617c    program     static Y:\Desktop\PIC18Fversion Version 2.0s\ui.asm
                   Input9   0x006144    program     static Y:\Desktop\PIC18Fversion Version 2.0s\ui.asm
                   InputB   0x006186    program     static Y:\Desktop\PIC18Fversion Version 2.0s\ui.asm
                   InputC   0x00619a    program     static Y:\Desktop\PIC18Fversion Version 2.0s\ui.asm
                   InputD   0x0061d4    program     static Y:\Desktop\PIC18Fversion Version 2.0s\ui.asm
                  Int2Str   0x0022ac    program     static Y:\Desktop\PIC18Fversion Version 2.0s\Display.asm
                JCALMES14   0x00b1aa    program     static Y:\Desktop\PIC18Fversion Version 2.0s\data.asm
                JCALMES15   0x00b1bc    program     static Y:\Desktop\PIC18Fversion Version 2.0s\data.asm
                JCALMES16   0x00b1ce    program     static Y:\Desktop\PIC18Fversion Version 2.0s\data.asm
                   JSCAL1   0x00b078    program     static Y:\Desktop\PIC18Fversion Version 2.0s\data.asm
                  JSCAL10   0x00b174    program     static Y:\Desktop\PIC18Fversion Version 2.0s\data.asm
                  JSCAL11   0x00b190    program     static Y:\Desktop\PIC18Fversion Version 2.0s\data.asm
                   JSCAL2   0x00b094    program     static Y:\Desktop\PIC18Fversion Version 2.0s\data.asm
                   JSCAL3   0x00b0b0    program     static Y:\Desktop\PIC18Fversion Version 2.0s\data.asm
                   JSCAL4   0x00b0cc    program     static Y:\Desktop\PIC18Fversion Version 2.0s\data.asm
                   JSCAL5   0x00b0e8    program     static Y:\Desktop\PIC18Fversion Version 2.0s\data.asm
                   JSCAL6   0x00b104    program     static Y:\Desktop\PIC18Fversion Version 2.0s\data.asm
                   JSCAL7   0x00b120    program     static Y:\Desktop\PIC18Fversion Version 2.0s\data.asm
                   JSCAL8   0x00b13c    program     static Y:\Desktop\PIC18Fversion Version 2.0s\data.asm
                   JSCAL9   0x00b158    program     static Y:\Desktop\PIC18Fversion Version 2.0s\data.asm
                  JScChan   0x007998    program     static Y:\Desktop\PIC18Fversion Version 2.0s\System.asm
                 JSncChan   0x0078c8    program     static Y:\Desktop\PIC18Fversion Version 2.0s\System.asm
              JStrimsChan   0x0077da    program     static Y:\Desktop\PIC18Fversion Version 2.0s\System.asm
                LCDbinary   0x00219e    program     static Y:\Desktop\PIC18Fversion Version 2.0s\Display.asm
               LCDbinary0   0x0021a4    program     static Y:\Desktop\PIC18Fversion Version 2.0s\Display.asm
                  LCDbusy   0x002088    program     static Y:\Desktop\PIC18Fversion Version 2.0s\lcd52.asm
                 LCDbusyA   0x0020b4    program     static Y:\Desktop\PIC18Fversion Version 2.0s\lcd52.asm
                   LCDhex   0x0021b8    program     static Y:\Desktop\PIC18Fversion Version 2.0s\Display.asm
                  LCDinit   0x001ea6    program     static Y:\Desktop\PIC18Fversion Version 2.0s\lcd52.asm
              LCDinitDone   0x001faa    program     static Y:\Desktop\PIC18Fversion Version 2.0s\lcd52.asm
                   LCDint   0x002214    program     static Y:\Desktop\PIC18Fversion Version 2.0s\Display.asm
                  LCDint1   0x002250    program     static Y:\Desktop\PIC18Fversion Version 2.0s\Display.asm
                  LCDint2   0x002248    program     static Y:\Desktop\PIC18Fversion Version 2.0s\Display.asm
                  LCDint3   0x002240    program     static Y:\Desktop\PIC18Fversion Version 2.0s\Display.asm
                  LCDint4   0x002238    program     static Y:\Desktop\PIC18Fversion Version 2.0s\Display.asm
                  LCDintA   0x00221e    program     static Y:\Desktop\PIC18Fversion Version 2.0s\Display.asm
                  LCDintB   0x002224    program     static Y:\Desktop\PIC18Fversion Version 2.0s\Display.asm
                  LCDintC   0x00222a    program     static Y:\Desktop\PIC18Fversion Version 2.0s\Display.asm
                  LCDintD   0x002230    program     static Y:\Desktop\PIC18Fversion Version 2.0s\Display.asm
                 LCDintZS   0x002258    program     static Y:\Desktop\PIC18Fversion Version 2.0s\Display.asm
                    LCDmS   0x00386c    program     static Y:\Desktop\PIC18Fversion Version 2.0s\Monitor.asm
                 LCDmSfix   0x003860    program     static Y:\Desktop\PIC18Fversion Version 2.0s\Monitor.asm
               LCDportOut   0x0020c0    program     static Y:\Desktop\PIC18Fversion Version 2.0s\lcd52.asm
                  LCDsR00   0x001fda    program     static Y:\Desktop\PIC18Fversion Version 2.0s\lcd52.asm
                  LCDsR01   0x001fe0    program     static Y:\Desktop\PIC18Fversion Version 2.0s\lcd52.asm
                  LCDsR02   0x001fec    program     static Y:\Desktop\PIC18Fversion Version 2.0s\lcd52.asm
                  LCDsR03   0x001ffa    program     static Y:\Desktop\PIC18Fversion Version 2.0s\lcd52.asm
                  LCDsR04   0x002008    program     static Y:\Desktop\PIC18Fversion Version 2.0s\lcd52.asm
                  LCDsR05   0x002016    program     static Y:\Desktop\PIC18Fversion Version 2.0s\lcd52.asm
                  LCDsR06   0x002024    program     static Y:\Desktop\PIC18Fversion Version 2.0s\lcd52.asm
                  LCDsR07   0x002032    program     static Y:\Desktop\PIC18Fversion Version 2.0s\lcd52.asm
                LCDsendAX   0x00213c    program     static Y:\Desktop\PIC18Fversion Version 2.0s\Display.asm
           LCDsendAXLine2   0x002152    program     static Y:\Desktop\PIC18Fversion Version 2.0s\Display.asm
               LCDsendCMD   0x00205c    program     static Y:\Desktop\PIC18Fversion Version 2.0s\lcd52.asm
           LCDsendDXLine2   0x002168    program     static Y:\Desktop\PIC18Fversion Version 2.0s\Display.asm
              LCDsendData   0x00203e    program     static Y:\Desktop\PIC18Fversion Version 2.0s\lcd52.asm
              LCDsendMess   0x00217e    program     static Y:\Desktop\PIC18Fversion Version 2.0s\Display.asm
             LCDsendMessN   0x002184    program     static Y:\Desktop\PIC18Fversion Version 2.0s\Display.asm
                  LCDsign   0x0021ec    program     static Y:\Desktop\PIC18Fversion Version 2.0s\Display.asm
          LCDspecialRemap   0x001fd0    program     static Y:\Desktop\PIC18Fversion Version 2.0s\lcd52.asm
                  LCDwait   0x00207a    program     static Y:\Desktop\PIC18Fversion Version 2.0s\lcd52.asm
                  LOWISR2   0x000298    program     static Y:\Desktop\PIC18Fversion Version 2.0s\mstar.asm
                  LOWISR3   0x0002a4    program     static Y:\Desktop\PIC18Fversion Version 2.0s\mstar.asm
                  LOWISRS   0x00025a    program     static Y:\Desktop\PIC18Fversion Version 2.0s\mstar.asm
                 LOWISRS0   0x00027a    program     static Y:\Desktop\PIC18Fversion Version 2.0s\mstar.asm
                 LOWISRS1   0x000286    program     static Y:\Desktop\PIC18Fversion Version 2.0s\mstar.asm
                  Limit16   0x00644e    program     static Y:\Desktop\PIC18Fversion Version 2.0s\ui.asm
                 Limit16a   0x006468    program     static Y:\Desktop\PIC18Fversion Version 2.0s\ui.asm
                 Limit16b   0x00647e    program     static Y:\Desktop\PIC18Fversion Version 2.0s\ui.asm
                   Limit8   0x0062fa    program     static Y:\Desktop\PIC18Fversion Version 2.0s\ui.asm
             LoadAircraft   0x004c5a    program     static Y:\Desktop\PIC18Fversion Version 2.0s\mstar.asm
     LoadAircraftDefaults   0x007efc    program     static Y:\Desktop\PIC18Fversion Version 2.0s\mstar.asm
         LoadAircraftName   0x004bb0    program     static Y:\Desktop\PIC18Fversion Version 2.0s\mstar.asm
             LoadDefaults   0x007ed0    program     static Y:\Desktop\PIC18Fversion Version 2.0s\mstar.asm
            LoadDefaults1   0x007ee8    program     static Y:\Desktop\PIC18Fversion Version 2.0s\mstar.asm
            LoadDefaults2   0x007f14    program     static Y:\Desktop\PIC18Fversion Version 2.0s\mstar.asm
            LoadDefaults3   0x007f40    program     static Y:\Desktop\PIC18Fversion Version 2.0s\mstar.asm
              LoadGeneral   0x004b44    program     static Y:\Desktop\PIC18Fversion Version 2.0s\mstar.asm
                  M2Mloop   0x004dce    program     static Y:\Desktop\PIC18Fversion Version 2.0s\mstar.asm
                  M2Mnext   0x004e2e    program     static Y:\Desktop\PIC18Fversion Version 2.0s\mstar.asm
                M2MtryCH5   0x004dfe    program     static Y:\Desktop\PIC18Fversion Version 2.0s\mstar.asm
                M2MtryCH8   0x004e18    program     static Y:\Desktop\PIC18Fversion Version 2.0s\mstar.asm
                    MAFTN   0x00895e    program     static Y:\Desktop\PIC18Fversion Version 2.0s\data.asm
                    MATP1   0x00a4da    program     static Y:\Desktop\PIC18Fversion Version 2.0s\data.asm
                    MATP2   0x00a4f6    program     static Y:\Desktop\PIC18Fversion Version 2.0s\data.asm
                    MATP3   0x00a510    program     static Y:\Desktop\PIC18Fversion Version 2.0s\data.asm
                    MATP4   0x00a52a    program     static Y:\Desktop\PIC18Fversion Version 2.0s\data.asm
                    MATP5   0x00a544    program     static Y:\Desktop\PIC18Fversion Version 2.0s\data.asm
                    MATP6   0x00a562    program     static Y:\Desktop\PIC18Fversion Version 2.0s\data.asm
                 MAUXOUT0   0x00a6a2    program     static Y:\Desktop\PIC18Fversion Version 2.0s\data.asm
                 MAUXOUT1   0x00a5ca    program     static Y:\Desktop\PIC18Fversion Version 2.0s\data.asm
                 MAUXOUT2   0x00a5e2    program     static Y:\Desktop\PIC18Fversion Version 2.0s\data.asm
                 MAUXOUT3   0x00a5fa    program     static Y:\Desktop\PIC18Fversion Version 2.0s\data.asm
                 MAUXOUT4   0x00a612    program     static Y:\Desktop\PIC18Fversion Version 2.0s\data.asm
                 MAUXOUT5   0x00a62a    program     static Y:\Desktop\PIC18Fversion Version 2.0s\data.asm
                 MAUXOUT6   0x00a642    program     static Y:\Desktop\PIC18Fversion Version 2.0s\data.asm
                 MAUXOUT7   0x00a65a    program     static Y:\Desktop\PIC18Fversion Version 2.0s\data.asm
                 MAUXOUT8   0x00a672    program     static Y:\Desktop\PIC18Fversion Version 2.0s\data.asm
                 MAUXOUT9   0x00a68a    program     static Y:\Desktop\PIC18Fversion Version 2.0s\data.asm
                     MBB1   0x00a6ba    program     static Y:\Desktop\PIC18Fversion Version 2.0s\data.asm
                     MBB2   0x00a6d4    program     static Y:\Desktop\PIC18Fversion Version 2.0s\data.asm
                     MBB3   0x00a6f0    program     static Y:\Desktop\PIC18Fversion Version 2.0s\data.asm
                     MBB4   0x00a70a    program     static Y:\Desktop\PIC18Fversion Version 2.0s\data.asm
                  MBLADES   0x008982    program     static Y:\Desktop\PIC18Fversion Version 2.0s\data.asm
                     MCAN   0x008970    program     static Y:\Desktop\PIC18Fversion Version 2.0s\data.asm
                   MCCPM1   0x00b47a    program     static Y:\Desktop\PIC18Fversion Version 2.0s\data.asm
                   MCCPM2   0x00b492    program     static Y:\Desktop\PIC18Fversion Version 2.0s\data.asm
                   MCCPM3   0x00b4aa    program     static Y:\Desktop\PIC18Fversion Version 2.0s\data.asm
                   MCCPM4   0x00b4c2    program     static Y:\Desktop\PIC18Fversion Version 2.0s\data.asm
                   MCLEAR   0x00894c    program     static Y:\Desktop\PIC18Fversion Version 2.0s\data.asm
                    MCONT   0x0089dc    program     static Y:\Desktop\PIC18Fversion Version 2.0s\data.asm
                  MDEFECT   0x008a5a    program     static Y:\Desktop\PIC18Fversion Version 2.0s\data.asm
                   MDELAY   0x008a7e    program     static Y:\Desktop\PIC18Fversion Version 2.0s\data.asm
                     MENA   0x008916    program     static Y:\Desktop\PIC18Fversion Version 2.0s\data.asm
                     MES0   0x00853e    program     static Y:\Desktop\PIC18Fversion Version 2.0s\data.asm
                     MES1   0x008550    program     static Y:\Desktop\PIC18Fversion Version 2.0s\data.asm
                    MES10   0x0085e8    program     static Y:\Desktop\PIC18Fversion Version 2.0s\data.asm
                    MES11   0x0085fa    program     static Y:\Desktop\PIC18Fversion Version 2.0s\data.asm
                    MES12   0x008604    program     static Y:\Desktop\PIC18Fversion Version 2.0s\data.asm
                    MES14   0x00860a    program     static Y:\Desktop\PIC18Fversion Version 2.0s\data.asm
                    MES15   0x00861c    program     static Y:\Desktop\PIC18Fversion Version 2.0s\data.asm
                    MES16   0x00862e    program     static Y:\Desktop\PIC18Fversion Version 2.0s\data.asm
                    MES17   0x008640    program     static Y:\Desktop\PIC18Fversion Version 2.0s\data.asm
                    MES19   0x008652    program     static Y:\Desktop\PIC18Fversion Version 2.0s\data.asm
                     MES2   0x008562    program     static Y:\Desktop\PIC18Fversion Version 2.0s\data.asm
                    MES20   0x008664    program     static Y:\Desktop\PIC18Fversion Version 2.0s\data.asm
                    MES22   0x008676    program     static Y:\Desktop\PIC18Fversion Version 2.0s\data.asm
                    MES23   0x008688    program     static Y:\Desktop\PIC18Fversion Version 2.0s\data.asm
                    MES24   0x00869a    program     static Y:\Desktop\PIC18Fversion Version 2.0s\data.asm
                    MES25   0x0086ac    program     static Y:\Desktop\PIC18Fversion Version 2.0s\data.asm
                    MES26   0x0086be    program     static Y:\Desktop\PIC18Fversion Version 2.0s\data.asm
                    MES27   0x0086d0    program     static Y:\Desktop\PIC18Fversion Version 2.0s\data.asm
                    MES28   0x0086e2    program     static Y:\Desktop\PIC18Fversion Version 2.0s\data.asm
                    MES29   0x0086f4    program     static Y:\Desktop\PIC18Fversion Version 2.0s\data.asm
                     MES3   0x008574    program     static Y:\Desktop\PIC18Fversion Version 2.0s\data.asm
                    MES30   0x008706    program     static Y:\Desktop\PIC18Fversion Version 2.0s\data.asm
                     MES4   0x008586    program     static Y:\Desktop\PIC18Fversion Version 2.0s\data.asm
                     MES5   0x008598    program     static Y:\Desktop\PIC18Fversion Version 2.0s\data.asm
                     MES6   0x0085aa    program     static Y:\Desktop\PIC18Fversion Version 2.0s\data.asm
                     MES7   0x0085bc    program     static Y:\Desktop\PIC18Fversion Version 2.0s\data.asm
                     MES8   0x0085ce    program     static Y:\Desktop\PIC18Fversion Version 2.0s\data.asm
                     MES9   0x0085e0    program     static Y:\Desktop\PIC18Fversion Version 2.0s\data.asm
                    MGAIN   0x008a12    program     static Y:\Desktop\PIC18Fversion Version 2.0s\data.asm
                      MHZ   0x008a48    program     static Y:\Desktop\PIC18Fversion Version 2.0s\data.asm
                  MINVERT   0x008a24    program     static Y:\Desktop\PIC18Fversion Version 2.0s\data.asm
                   MIXORD   0x008994    program     static Y:\Desktop\PIC18Fversion Version 2.0s\data.asm
                  MIXSEL1   0x0096e6    program     static Y:\Desktop\PIC18Fversion Version 2.0s\data.asm
                 MIXSEL10   0x0097be    program     static Y:\Desktop\PIC18Fversion Version 2.0s\data.asm
                 MIXSEL11   0x0097d6    program     static Y:\Desktop\PIC18Fversion Version 2.0s\data.asm
                 MIXSEL12   0x0097ee    program     static Y:\Desktop\PIC18Fversion Version 2.0s\data.asm
                  MIXSEL2   0x0096fe    program     static Y:\Desktop\PIC18Fversion Version 2.0s\data.asm
                  MIXSEL3   0x009716    program     static Y:\Desktop\PIC18Fversion Version 2.0s\data.asm
                  MIXSEL4   0x00972e    program     static Y:\Desktop\PIC18Fversion Version 2.0s\data.asm
                  MIXSEL5   0x009746    program     static Y:\Desktop\PIC18Fversion Version 2.0s\data.asm
                  MIXSEL6   0x00975e    program     static Y:\Desktop\PIC18Fversion Version 2.0s\data.asm
                  MIXSEL7   0x009776    program     static Y:\Desktop\PIC18Fversion Version 2.0s\data.asm
                  MIXSEL8   0x00978e    program     static Y:\Desktop\PIC18Fversion Version 2.0s\data.asm
                  MIXSEL9   0x0097a6    program     static Y:\Desktop\PIC18Fversion Version 2.0s\data.asm
                     MKHZ   0x008a6c    program     static Y:\Desktop\PIC18Fversion Version 2.0s\data.asm
                     MMM1   0x00a724    program     static Y:\Desktop\PIC18Fversion Version 2.0s\data.asm
                     MMM2   0x00a73c    program     static Y:\Desktop\PIC18Fversion Version 2.0s\data.asm
                   MNORM1   0x00b4da    program     static Y:\Desktop\PIC18Fversion Version 2.0s\data.asm
                   MNORM2   0x00b4f4    program     static Y:\Desktop\PIC18Fversion Version 2.0s\data.asm
                   MNORM3   0x00b514    program     static Y:\Desktop\PIC18Fversion Version 2.0s\data.asm
                   MNORM4   0x00b530    program     static Y:\Desktop\PIC18Fversion Version 2.0s\data.asm
                   MNORM5   0x00b54c    program     static Y:\Desktop\PIC18Fversion Version 2.0s\data.asm
                   MNORM6   0x00b56c    program     static Y:\Desktop\PIC18Fversion Version 2.0s\data.asm
                   MNUMCH   0x0089ca    program     static Y:\Desktop\PIC18Fversion Version 2.0s\data.asm
                     MPOS   0x008a00    program     static Y:\Desktop\PIC18Fversion Version 2.0s\data.asm
                     MRST   0x008928    program     static Y:\Desktop\PIC18Fversion Version 2.0s\data.asm
                     MS1a   0x002676    program     static Y:\Desktop\PIC18Fversion Version 2.0s\comms.asm
                      MS2   0x002682    program     static Y:\Desktop\PIC18Fversion Version 2.0s\comms.asm
                     MS2a   0x0026a4    program     static Y:\Desktop\PIC18Fversion Version 2.0s\comms.asm
                      MS3   0x0026b0    program     static Y:\Desktop\PIC18Fversion Version 2.0s\comms.asm
                     MS3a   0x0026d2    program     static Y:\Desktop\PIC18Fversion Version 2.0s\comms.asm
                      MS4   0x0026de    program     static Y:\Desktop\PIC18Fversion Version 2.0s\comms.asm
                     MS4a   0x002700    program     static Y:\Desktop\PIC18Fversion Version 2.0s\comms.asm
                      MS5   0x00270c    program     static Y:\Desktop\PIC18Fversion Version 2.0s\comms.asm
                  MSHFINV   0x0089ee    program     static Y:\Desktop\PIC18Fversion Version 2.0s\data.asm
                 MSTUNT11   0x00b636    program     static Y:\Desktop\PIC18Fversion Version 2.0s\data.asm
                 MSTUNT12   0x00b650    program     static Y:\Desktop\PIC18Fversion Version 2.0s\data.asm
                 MSTUNT13   0x00b66a    program     static Y:\Desktop\PIC18Fversion Version 2.0s\data.asm
                 MSTUNT14   0x00b68a    program     static Y:\Desktop\PIC18Fversion Version 2.0s\data.asm
                 MSTUNT15   0x00b6a6    program     static Y:\Desktop\PIC18Fversion Version 2.0s\data.asm
                 MSTUNT16   0x00b6c2    program     static Y:\Desktop\PIC18Fversion Version 2.0s\data.asm
                 MSTUNT17   0x00b6e2    program     static Y:\Desktop\PIC18Fversion Version 2.0s\data.asm
                 MSTUNT21   0x00b6fc    program     static Y:\Desktop\PIC18Fversion Version 2.0s\data.asm
                 MSTUNT22   0x00b716    program     static Y:\Desktop\PIC18Fversion Version 2.0s\data.asm
                 MSTUNT23   0x00b730    program     static Y:\Desktop\PIC18Fversion Version 2.0s\data.asm
                 MSTUNT24   0x00b750    program     static Y:\Desktop\PIC18Fversion Version 2.0s\data.asm
                 MSTUNT25   0x00b76c    program     static Y:\Desktop\PIC18Fversion Version 2.0s\data.asm
                 MSTUNT26   0x00b788    program     static Y:\Desktop\PIC18Fversion Version 2.0s\data.asm
                 MSTUNT27   0x00b7a8    program     static Y:\Desktop\PIC18Fversion Version 2.0s\data.asm
                    MSYNC   0x0089b8    program     static Y:\Desktop\PIC18Fversion Version 2.0s\data.asm
                  MTABLE1   0x00a8ae    program     static Y:\Desktop\PIC18Fversion Version 2.0s\data.asm
                 MTABLE10   0x00a998    program     static Y:\Desktop\PIC18Fversion Version 2.0s\data.asm
                 MTABLE11   0x00a9b2    program     static Y:\Desktop\PIC18Fversion Version 2.0s\data.asm
                 MTABLE12   0x00a9cc    program     static Y:\Desktop\PIC18Fversion Version 2.0s\data.asm
                  MTABLE2   0x00a8c8    program     static Y:\Desktop\PIC18Fversion Version 2.0s\data.asm
                  MTABLE3   0x00a8e2    program     static Y:\Desktop\PIC18Fversion Version 2.0s\data.asm
[...]
                    TMODE   0x000337       data     static Y:\Desktop\PIC18Fversion Version 2.0s\RAM.asm
                  Tpreset   0x000338       data     static Y:\Desktop\PIC18Fversion Version 2.0s\RAM.asm
                    CH5MH   0x00033a       data     static Y:\Desktop\PIC18Fversion Version 2.0s\RAM.asm
                    CH5BH   0x00033c       data     static Y:\Desktop\PIC18Fversion Version 2.0s\RAM.asm
                    CH6MH   0x00033e       data     static Y:\Desktop\PIC18Fversion Version 2.0s\RAM.asm
                    CH6BH   0x000340       data     static Y:\Desktop\PIC18Fversion Version 2.0s\RAM.asm
                    CH7MH   0x000342       data     static Y:\Desktop\PIC18Fversion Version 2.0s\RAM.asm
                    CH7BH   0x000344       data     static Y:\Desktop\PIC18Fversion Version 2.0s\RAM.asm
                    CH8_A   0x000346       data     static Y:\Desktop\PIC18Fversion Version 2.0s\RAM.asm
                    CH8_B   0x000348       data     static Y:\Desktop\PIC18Fversion Version 2.0s\RAM.asm
                    CH8_C   0x00034a       data     static Y:\Desktop\PIC18Fversion Version 2.0s\RAM.asm
                     SR_A   0x00034c       data     static Y:\Desktop\PIC18Fversion Version 2.0s\RAM.asm
                     SR_E   0x00034e       data     static Y:\Desktop\PIC18Fversion Version 2.0s\RAM.asm
                     SR_R   0x000350       data     static Y:\Desktop\PIC18Fversion Version 2.0s\RAM.asm
                     SR_T   0x000352       data     static Y:\Desktop\PIC18Fversion Version 2.0s\RAM.asm
                     SL_A   0x000354       data     static Y:\Desktop\PIC18Fversion Version 2.0s\RAM.asm
                     SL_E   0x000356       data     static Y:\Desktop\PIC18Fversion Version 2.0s\RAM.asm
                     SL_R   0x000358       data     static Y:\Desktop\PIC18Fversion Version 2.0s\RAM.asm
                     SL_T   0x00035a       data     static Y:\Desktop\PIC18Fversion Version 2.0s\RAM.asm
                  M1Afrom   0x00035c       data     static Y:\Desktop\PIC18Fversion Version 2.0s\RAM.asm
                    M1Ato   0x00035d       data     static Y:\Desktop\PIC18Fversion Version 2.0s\RAM.asm
                    M1Azp   0x00035e       data     static Y:\Desktop\PIC18Fversion Version 2.0s\RAM.asm
                    M1Aur   0x00035f       data     static Y:\Desktop\PIC18Fversion Version 2.0s\RAM.asm
                    M1Adl   0x000360       data     static Y:\Desktop\PIC18Fversion Version 2.0s\RAM.asm
                  M1Bfrom   0x000361       data     static Y:\Desktop\PIC18Fversion Version 2.0s\RAM.asm
                    M1Bto   0x000362       data     static Y:\Desktop\PIC18Fversion Version 2.0s\RAM.asm
                    M1Bzp   0x000363       data     static Y:\Desktop\PIC18Fversion Version 2.0s\RAM.asm
                    M1Bur   0x000364       data     static Y:\Desktop\PIC18Fversion Version 2.0s\RAM.asm
                    M1Bdl   0x000365       data     static Y:\Desktop\PIC18Fversion Version 2.0s\RAM.asm
                  M1Cfrom   0x000366       data     static Y:\Desktop\PIC18Fversion Version 2.0s\RAM.asm
                    M1Cto   0x000367       data     static Y:\Desktop\PIC18Fversion Version 2.0s\RAM.asm
                    M1Czp   0x000368       data     static Y:\Desktop\PIC18Fversion Version 2.0s\RAM.asm
                    M1Cur   0x000369       data     static Y:\Desktop\PIC18Fversion Version 2.0s\RAM.asm
                    M1Cdl   0x00036a       data     static Y:\Desktop\PIC18Fversion Version 2.0s\RAM.asm
                  M1Dfrom   0x00036b       data     static Y:\Desktop\PIC18Fversion Version 2.0s\RAM.asm
                    M1Dto   0x00036c       data     static Y:\Desktop\PIC18Fversion Version 2.0s\RAM.asm
                    M1Dzp   0x00036d       data     static Y:\Desktop\PIC18Fversion Version 2.0s\RAM.asm
                    M1Dur   0x00036e       data     static Y:\Desktop\PIC18Fversion Version 2.0s\RAM.asm
                    M1Ddl   0x00036f       data     static Y:\Desktop\PIC18Fversion Version 2.0s\RAM.asm
                  M2Afrom   0x000370       data     static Y:\Desktop\PIC18Fversion Version 2.0s\RAM.asm
                    M2Ato   0x000371       data     static Y:\Desktop\PIC18Fversion Version 2.0s\RAM.asm
                    M2Azp   0x000372       data     static Y:\Desktop\PIC18Fversion Version 2.0s\RAM.asm
                    M2Aur   0x000373       data     static Y:\Desktop\PIC18Fversion Version 2.0s\RAM.asm
                    M2Adl   0x000374       data     static Y:\Desktop\PIC18Fversion Version 2.0s\RAM.asm
                  M2Bfrom   0x000375       data     static Y:\Desktop\PIC18Fversion Version 2.0s\RAM.asm
                    M2Bto   0x000376       data     static Y:\Desktop\PIC18Fversion Version 2.0s\RAM.asm
                    M2Bzp   0x000377       data     static Y:\Desktop\PIC18Fversion Version 2.0s\RAM.asm
                    M2Bur   0x000378       data     static Y:\Desktop\PIC18Fversion Version 2.0s\RAM.asm
                    M2Bdl   0x000379       data     static Y:\Desktop\PIC18Fversion Version 2.0s\RAM.asm
                  M2Cfrom   0x00037a       data     static Y:\Desktop\PIC18Fversion Version 2.0s\RAM.asm
                    M2Cto   0x00037b       data     static Y:\Desktop\PIC18Fversion Version 2.0s\RAM.asm
                    M2Czp   0x00037c       data     static Y:\Desktop\PIC18Fversion Version 2.0s\RAM.asm
                    M2Cur   0x00037d       data     static Y:\Desktop\PIC18Fversion Version 2.0s\RAM.asm
                    M2Cdl   0x00037e       data     static Y:\Desktop\PIC18Fversion Version 2.0s\RAM.asm
                  M2Dfrom   0x00037f       data     static Y:\Desktop\PIC18Fversion Version 2.0s\RAM.asm
                    M2Dto   0x000380       data     static Y:\Desktop\PIC18Fversion Version 2.0s\RAM.asm
                    M2Dzp   0x000381       data     static Y:\Desktop\PIC18Fversion Version 2.0s\RAM.asm
                    M2Dur   0x000382       data     static Y:\Desktop\PIC18Fversion Version 2.0s\RAM.asm
                    M2Ddl   0x000383       data     static Y:\Desktop\PIC18Fversion Version 2.0s\RAM.asm
                  M3Afrom   0x000384       data     static Y:\Desktop\PIC18Fversion Version 2.0s\RAM.asm
                    M3Ato   0x000385       data     static Y:\Desktop\PIC18Fversion Version 2.0s\RAM.asm
                    M3Azp   0x000386       data     static Y:\Desktop\PIC18Fversion Version 2.0s\RAM.asm
                    M3Aur   0x000387       data     static Y:\Desktop\PIC18Fversion Version 2.0s\RAM.asm
                    M3Adl   0x000388       data     static Y:\Desktop\PIC18Fversion Version 2.0s\RAM.asm
                  M3Bfrom   0x000389       data     static Y:\Desktop\PIC18Fversion Version 2.0s\RAM.asm
                    M3Bto   0x00038a       data     static Y:\Desktop\PIC18Fversion Version 2.0s\RAM.asm
                    M3Bzp   0x00038b       data     static Y:\Desktop\PIC18Fversion Version 2.0s\RAM.asm
                    M3Bur   0x00038c       data     static Y:\Desktop\PIC18Fversion Version 2.0s\RAM.asm
                    M3Bdl   0x00038d       data     static Y:\Desktop\PIC18Fversion Version 2.0s\RAM.asm
                  M3Cfrom   0x00038e       data     static Y:\Desktop\PIC18Fversion Version 2.0s\RAM.asm
                    M3Cto   0x00038f       data     static Y:\Desktop\PIC18Fversion Version 2.0s\RAM.asm
                    M3Czp   0x000390       data     static Y:\Desktop\PIC18Fversion Version 2.0s\RAM.asm
                    M3Cur   0x000391       data     static Y:\Desktop\PIC18Fversion Version 2.0s\RAM.asm
                    M3Cdl   0x000392       data     static Y:\Desktop\PIC18Fversion Version 2.0s\RAM.asm
                  M3Dfrom   0x000393       data     static Y:\Desktop\PIC18Fversion Version 2.0s\RAM.asm
                    M3Dto   0x000394       data     static Y:\Desktop\PIC18Fversion Version 2.0s\RAM.asm
                    M3Dzp   0x000395       data     static Y:\Desktop\PIC18Fversion Version 2.0s\RAM.asm
                    M3Dur   0x000396       data     static Y:\Desktop\PIC18Fversion Version 2.0s\RAM.asm
                    M3Ddl   0x000397       data     static Y:\Desktop\PIC18Fversion Version 2.0s\RAM.asm
                    VTAIL   0x000398       data     static Y:\Desktop\PIC18Fversion Version 2.0s\RAM.asm
                   ELEVON   0x000399       data     static Y:\Desktop\PIC18Fversion Version 2.0s\RAM.asm
                    DUALA   0x00039a       data     static Y:\Desktop\PIC18Fversion Version 2.0s\RAM.asm
                  FPgainN   0x00039b       data     static Y:\Desktop\PIC18Fversion Version 2.0s\RAM.asm
                    DIFFA   0x00039c       data     static Y:\Desktop\PIC18Fversion Version 2.0s\RAM.asm
                   FPgain   0x00039d       data     static Y:\Desktop\PIC18Fversion Version 2.0s\RAM.asm
                   IDLEUP   0x0003a0       data     static Y:\Desktop\PIC18Fversion Version 2.0s\RAM.asm
                 IDLEUPpA   0x0003a1       data     static Y:\Desktop\PIC18Fversion Version 2.0s\RAM.asm
                 IDLEUPpB   0x0003a2       data     static Y:\Desktop\PIC18Fversion Version 2.0s\RAM.asm
               FixedFirst   0x0003a4       data     static Y:\Desktop\PIC18Fversion Version 2.0s\RAM.asm
                NumBlades   0x0003a5       data     static Y:\Desktop\PIC18Fversion Version 2.0s\RAM.asm
          RetractsWarning   0x0003a6       data     static Y:\Desktop\PIC18Fversion Version 2.0s\RAM.asm
              TrimZeroAil   0x0003a7       data     static Y:\Desktop\PIC18Fversion Version 2.0s\RAM.asm
              TrimZeroEle   0x0003a9       data     static Y:\Desktop\PIC18Fversion Version 2.0s\RAM.asm
              TrimZeroRud   0x0003ab       data     static Y:\Desktop\PIC18Fversion Version 2.0s\RAM.asm
             ModelChannel   0x0003ad       data     static Y:\Desktop\PIC18Fversion Version 2.0s\RAM.asm
                  SWAILDR   0x0003ae       data     static Y:\Desktop\PIC18Fversion Version 2.0s\RAM.asm
                  SWELEDR   0x0003af       data     static Y:\Desktop\PIC18Fversion Version 2.0s\RAM.asm
                  SWRUDDR   0x0003b0       data     static Y:\Desktop\PIC18Fversion Version 2.0s\RAM.asm
                 SWPRESET   0x0003b1       data     static Y:\Desktop\PIC18Fversion Version 2.0s\RAM.asm
                   SWMIX1   0x0003b2       data     static Y:\Desktop\PIC18Fversion Version 2.0s\RAM.asm
                   SWMIX2   0x0003b3       data     static Y:\Desktop\PIC18Fversion Version 2.0s\RAM.asm
                   SWMIX3   0x0003b4       data     static Y:\Desktop\PIC18Fversion Version 2.0s\RAM.asm
                    SWCH5   0x0003b5       data     static Y:\Desktop\PIC18Fversion Version 2.0s\RAM.asm
                  SWATRIM   0x0003b6       data     static Y:\Desktop\PIC18Fversion Version 2.0s\RAM.asm
                   SWCH8A   0x0003b7       data     static Y:\Desktop\PIC18Fversion Version 2.0s\RAM.asm
                   SWCH8B   0x0003b8       data     static Y:\Desktop\PIC18Fversion Version 2.0s\RAM.asm
                   SWCH8C   0x0003b9       data     static Y:\Desktop\PIC18Fversion Version 2.0s\RAM.asm
                  SWSNAPR   0x0003bb       data     static Y:\Desktop\PIC18Fversion Version 2.0s\RAM.asm
                  SWSNAPL   0x0003bc       data     static Y:\Desktop\PIC18Fversion Version 2.0s\RAM.asm
                  CNTmode   0x0003bd       data     static Y:\Desktop\PIC18Fversion Version 2.0s\RAM.asm
                  DWNSecs   0x0003be       data     static Y:\Desktop\PIC18Fversion Version 2.0s\RAM.asm
                  DWNMins   0x0003bf       data     static Y:\Desktop\PIC18Fversion Version 2.0s\RAM.asm
                   TEnaSW   0x0003c0       data     static Y:\Desktop\PIC18Fversion Version 2.0s\RAM.asm
                   Tthres   0x0003c1       data     static Y:\Desktop\PIC18Fversion Version 2.0s\RAM.asm
                SWIDLEUP1   0x0003c3       data     static Y:\Desktop\PIC18Fversion Version 2.0s\RAM.asm
                SWIDLEUP2   0x0003c4       data     static Y:\Desktop\PIC18Fversion Version 2.0s\RAM.asm
                   SWCROW   0x0003c5       data     static Y:\Desktop\PIC18Fversion Version 2.0s\RAM.asm
                  CROWENA   0x0003c6       data     static Y:\Desktop\PIC18Fversion Version 2.0s\RAM.asm
                      ATP   0x0003c9       data     static Y:\Desktop\PIC18Fversion Version 2.0s\RAM.asm
                      ETP   0x0003ca       data     static Y:\Desktop\PIC18Fversion Version 2.0s\RAM.asm
                      RTP   0x0003cb       data     static Y:\Desktop\PIC18Fversion Version 2.0s\RAM.asm
                      TTP   0x0003cc       data     static Y:\Desktop\PIC18Fversion Version 2.0s\RAM.asm
                    SHIFT   0x0003cd       data     static Y:\Desktop\PIC18Fversion Version 2.0s\RAM.asm
              AltAircraft   0x0003ce       data     static Y:\Desktop\PIC18Fversion Version 2.0s\RAM.asm
                  Atable1   0x0003da       data     static Y:\Desktop\PIC18Fversion Version 2.0s\RAM.asm
                  Atable2   0x0003e5       data     static Y:\Desktop\PIC18Fversion Version 2.0s\RAM.asm
             ChannelOrder   0x000400       data     static Y:\Desktop\PIC18Fversion Version 2.0s\RAM.asm
                  SubTrim   0x000408       data     static Y:\Desktop\PIC18Fversion Version 2.0s\RAM.asm
                AilRudPos   0x000410       data     static Y:\Desktop\PIC18Fversion Version 2.0s\RAM.asm
                AilRudNeg   0x000411       data     static Y:\Desktop\PIC18Fversion Version 2.0s\RAM.asm
                RudAilPos   0x000412       data     static Y:\Desktop\PIC18Fversion Version 2.0s\RAM.asm
                RudAilNeg   0x000413       data     static Y:\Desktop\PIC18Fversion Version 2.0s\RAM.asm
                RudElePos   0x000414       data     static Y:\Desktop\PIC18Fversion Version 2.0s\RAM.asm
                RudEleNeg   0x000415       data     static Y:\Desktop\PIC18Fversion Version 2.0s\RAM.asm
                   ThtEle   0x000416       data     static Y:\Desktop\PIC18Fversion Version 2.0s\RAM.asm
                    DualE   0x000417       data     static Y:\Desktop\PIC18Fversion Version 2.0s\RAM.asm
              CH5stepSize   0x000419       data     static Y:\Desktop\PIC18Fversion Version 2.0s\RAM.asm
              CH8stepSize   0x00041b       data     static Y:\Desktop\PIC18Fversion Version 2.0s\RAM.asm
                 CCPMmode   0x00041d       data     static Y:\Desktop\PIC18Fversion Version 2.0s\RAM.asm
                   DTailA   0x00041e       data     static Y:\Desktop\PIC18Fversion Version 2.0s\RAM.asm
                   DTeleA   0x000420       data     static Y:\Desktop\PIC18Fversion Version 2.0s\RAM.asm
                   DTrudA   0x000422       data     static Y:\Desktop\PIC18Fversion Version 2.0s\RAM.asm
                   DTthtA   0x000424       data     static Y:\Desktop\PIC18Fversion Version 2.0s\RAM.asm
                  Henable   0x000426       data     static Y:\Desktop\PIC18Fversion Version 2.0s\RAM.asm
                    Tnorm   0x000427       data     static Y:\Desktop\PIC18Fversion Version 2.0s\RAM.asm
                    HPrev   0x000429       data     static Y:\Desktop\PIC18Fversion Version 2.0s\RAM.asm
                     HSen   0x00042a       data     static Y:\Desktop\PIC18Fversion Version 2.0s\RAM.asm
                     HTht   0x00042b       data     static Y:\Desktop\PIC18Fversion Version 2.0s\RAM.asm
                   HPitch   0x00042c       data     static Y:\Desktop\PIC18Fversion Version 2.0s\RAM.asm
                SWIDLEUPN   0x00042d       data     static Y:\Desktop\PIC18Fversion Version 2.0s\RAM.asm
               IdleUpNorm   0x00042e       data     static Y:\Desktop\PIC18Fversion Version 2.0s\RAM.asm
                  SWTHOLD   0x00042f       data     static Y:\Desktop\PIC18Fversion Version 2.0s\RAM.asm
                   THOLDp   0x000430       data     static Y:\Desktop\PIC18Fversion Version 2.0s\RAM.asm
                  HthtSen   0x000431       data     static Y:\Desktop\PIC18Fversion Version 2.0s\RAM.asm
                HthtPitch   0x000432       data     static Y:\Desktop\PIC18Fversion Version 2.0s\RAM.asm
                 SWSTUNT1   0x000433       data     static Y:\Desktop\PIC18Fversion Version 2.0s\RAM.asm
                  Hst1Sen   0x000434       data     static Y:\Desktop\PIC18Fversion Version 2.0s\RAM.asm
                  Hst1Tht   0x000435       data     static Y:\Desktop\PIC18Fversion Version 2.0s\RAM.asm
                Hst1Pitch   0x000436       data     static Y:\Desktop\PIC18Fversion Version 2.0s\RAM.asm
              SWIDLEUPST1   0x000437       data     static Y:\Desktop\PIC18Fversion Version 2.0s\RAM.asm
                IdleUpST1   0x000438       data     static Y:\Desktop\PIC18Fversion Version 2.0s\RAM.asm
                 SWSTUNT2   0x000439       data     static Y:\Desktop\PIC18Fversion Version 2.0s\RAM.asm
                  Hst2Sen   0x00043a       data     static Y:\Desktop\PIC18Fversion Version 2.0s\RAM.asm
                  Hst2Tht   0x00043b       data     static Y:\Desktop\PIC18Fversion Version 2.0s\RAM.asm
                Hst2Pitch   0x00043c       data     static Y:\Desktop\PIC18Fversion Version 2.0s\RAM.asm
              SWIDLEUPST2   0x00043d       data     static Y:\Desktop\PIC18Fversion Version 2.0s\RAM.asm
                IdleUpST2   0x00043e       data     static Y:\Desktop\PIC18Fversion Version 2.0s\RAM.asm
                TstepSize   0x00043f       data     static Y:\Desktop\PIC18Fversion Version 2.0s\RAM.asm
            TtransistionT   0x000441       data     static Y:\Desktop\PIC18Fversion Version 2.0s\RAM.asm
                 AILremap   0x000443       data     static Y:\Desktop\PIC18Fversion Version 2.0s\RAM.asm
                 ELEremap   0x000444       data     static Y:\Desktop\PIC18Fversion Version 2.0s\RAM.asm
                 RUDremap   0x000445       data     static Y:\Desktop\PIC18Fversion Version 2.0s\RAM.asm
                 THTremap   0x000446       data     static Y:\Desktop\PIC18Fversion Version 2.0s\RAM.asm
                 CH6remap   0x000447       data     static Y:\Desktop\PIC18Fversion Version 2.0s\RAM.asm
                 CH7remap   0x000448       data     static Y:\Desktop\PIC18Fversion Version 2.0s\RAM.asm
              MaxChannels   0x000449       data     static Y:\Desktop\PIC18Fversion Version 2.0s\RAM.asm
                    HArev   0x00044a       data     static Y:\Desktop\PIC18Fversion Version 2.0s\RAM.asm
                    HErev   0x00044b       data     static Y:\Desktop\PIC18Fversion Version 2.0s\RAM.asm
                    Debug   0x00044c       data     static Y:\Desktop\PIC18Fversion Version 2.0s\RAM.asm
             BatteryTimer   0x000500       data     static Y:\Desktop\PIC18Fversion Version 2.0s\RAM.asm
                  Adapter   0x000502       data     static Y:\Desktop\PIC18Fversion Version 2.0s\RAM.asm
                   Dog162   0x000503       data     static Y:\Desktop\PIC18Fversion Version 2.0s\RAM.asm
                    DTail   0x000580       data     static Y:\Desktop\PIC18Fversion Version 2.0s\RAM.asm
                    DTele   0x000582       data     static Y:\Desktop\PIC18Fversion Version 2.0s\RAM.asm
                    DTrud   0x000584       data     static Y:\Desktop\PIC18Fversion Version 2.0s\RAM.asm
                    DTtht   0x000586       data     static Y:\Desktop\PIC18Fversion Version 2.0s\RAM.asm
                   BlkBuf   0x000588       data     static Y:\Desktop\PIC18Fversion Version 2.0s\RAM.asm
                   Backup   0x000600       data     static Y:\Desktop\PIC18Fversion Version 2.0s\RAM.asm


