[Bootstrap]
SetupTitle=Install
SetupText=Copying Files, please stand by.
CabFile=P1618QP.CAB
Spawn=Setup1.exe
Uninstal=st6unst.exe
TmpDir=msftqws.pdw
Cabs=1

[Bootstrap Files]
File1=@VB6STKIT.DLL,$(WinSysPathSysFile),,,6/18/98 12:00:00 AM,102912,6.0.81.69
File2=@COMCAT.DLL,$(WinSysPathSysFile),$(DLLSelfRegister),,5/31/98 12:00:00 AM,22288,4.71.1460.1
File3=@MSVCRT40.DLL,$(WinSysPathSysFile),,,5/31/98 12:00:00 AM,326656,4.21.0.0
File4=@stdole2.tlb,$(WinSysPathSysFile),$(TLBRegister),,12/7/99 12:00:00 PM,16896,2.40.4512.1
File5=@asycfilt.dll,$(WinSysPathSysFile),,,12/7/99 12:00:00 PM,147728,2.40.4512.1
File6=@olepro32.dll,$(WinSysPathSysFile),$(DLLSelfRegister),,12/7/99 12:00:00 PM,164112,5.0.4512.1
File7=@oleaut32.dll,$(WinSysPathSysFile),$(DLLSelfRegister),,12/7/99 12:00:00 PM,614672,2.40.4512.1
File8=@MSVBVM60.DLL,$(WinSysPathSysFile),$(DLLSelfRegister),,5/27/00 1:00:00 AM,1388544,6.0.88.77

[IconGroups]
Group0=P1618QP
PrivateGroup0=True
Parent0=$(Programs)

[P1618QP]
Icon1="P1618QP.exe"
Title1=P1618QP
StartIn1=$(AppPath)

[Setup]
Title=P1618QP
DefaultDir=$(ProgramFiles)\P1618QP
AppExe=P1618QP.exe
AppToUninstall=P1618QP.exe

[Setup1 Files]
File1=@bootload.zip,$(AppPath),,,6/17/02 2:37:08 PM,336296,0.0.0.0
File2=@P1618QP.INI,$(AppPath),,,6/5/02 9:24:50 AM,5494,0.0.0.0
File3=@MDAC_TYP.EXE,$(AppPath),,,6/26/98 12:00:00 AM,8124720,4.71.1015.0
File4=@RDOCURS.DLL,$(WinSysPath),,$(Shared),6/18/98 12:00:00 AM,151552,5.0.81.69
File5=@MSRDO20.DLL,$(WinSysPath),$(DLLSelfRegister),$(Shared),6/18/98 12:00:00 AM,393216,6.0.81.69
File6=@VB5DB.DLL,$(WinSysPath),,$(Shared),6/18/98 12:00:00 AM,89360,6.0.81.69
File7=@MSREPL35.DLL,$(WinSysPathSysFile),,,10/22/00 3:21:30 AM,415504,3.51.3225.0
File8=@MSRD2X35.DLL,$(WinSysPathSysFile),$(DLLSelfRegister),,2/4/99 1:13:18 PM,252176,3.51.623.0
File9=@expsrv.dll,$(WinSysPathSysFile),,,12/7/99 12:00:00 PM,379152,6.0.0.8540
File10=@vbajet32.dll,$(WinSysPathSysFile),,,12/7/99 12:00:00 PM,30992,6.0.1.8268
File11=@MSJINT35.DLL,$(WinSysPathSysFile),,,2/4/99 1:13:18 PM,123664,3.51.623.0
File12=@MSJTER35.DLL,$(WinSysPathSysFile),,,2/4/99 1:13:18 PM,24848,3.51.623.0
File13=@MSJET35.DLL,$(WinSysPathSysFile),$(DLLSelfRegister),,6/5/02 10:12:00 AM,1050896,3.51.3328.0
File14=@DAO350.DLL,$(MSDAOPath),$(DLLSelfRegister),$(Shared),6/5/02 10:12:00 AM,570128,3.51.1608.0
File15=@COMDLG32.OCX,$(WinSysPath),$(DLLSelfRegister),$(Shared),6/5/02 10:12:00 AM,140288,6.0.84.18
File16=@MSCOMCTL.OCX,$(WinSysPath),$(DLLSelfRegister),$(Shared),6/5/02 10:12:00 AM,1066176,6.0.88.62
File17=@PICBOOT.dll,$(AppPath),,,6/3/02 10:09:38 PM,135168,0.0.0.0
File18=@P1618QP.exe,$(AppPath),,,6/17/02 2:33:22 PM,126976,0.1.0.3

; The following lines may be deleted in order to obtain extra 
; space for customizing this file on a full installation diskette.
; 
; XXXXXXXXXXXXXXXXXXXXXXXXXXXXXXXXXXXXXXXXXXXXXXXXXXXXXXXXXXXX
; XXXXXXXXXXXXXXXXXXXXXXXXXXXXXXXXXXXXXXXXXXXXXXXXXXXXXXXXXXXX
; XXXXXXXXXXXXXXXXXXXXXXXXXXXXXXXXXXXXXXXXXXXXXXXXXXXXXXXXXXXX
; XXXXXXXXXXXXXXXXXXXXXXXXXXXXXXXXXXXXXXXXXXXXXXXXXXXXXXXXXXXX
; XXXXXXXXXXXXXXXXXXXXXXXXXXXXXXXXXXXXXXXXXXXXXXXXXXXXXXXXXXXX
; XXXXXXXXXXXXXXXXXXXXXXXXXXXXXXXXXXXXXXXXXXXXXXXXXXXXXXXXXXXX
; XXXXXXXXXXXXXXXXXXXXXXXXXXXXXXXXXXXXXXXXXXXXXXXXXXXXXXXXXXXX
; XXXXXXXXXXXXXXXXXXXXXXXXXXXXXXXXXXXXXXXXXXXXXXXXXXXXXXXXXXXX
; XXXXXXXXXXXXXXXXXXXXXXXXXXXXXXXXXXXXXXXXXXXXXXXXXXXXXXXXXXXX
; XXXXXXXXXXXXXXXXXXXXXXXXXXXXXXXXXXXXXXXXXXXXXXXXXXXXXXXXXXXX
; XXXXXXXXXXXXXXXXXXXXXXXXXXXXXXXXXXXXXXXXXXXXXXXXXXXXXXXXXXXX
; XXXXXXXXXXXXXXXXXXXXXXXXXXXXXXXXXXXXXXXXXXXXXXXXXXXXXXXXXXXX
; XXXXXXXXXXXXXXXXXXXXXXXXXXXXXXXXXXXXXXXXXXXXXXXXXXXXXXXXXXXX
; XXXXXXXXXXXXXXXXXXXXXXXXXXXXXXXXXXXXXXXXXXXXXXXXXXXXXXXXXXXX
; XXXXXXXXXXXXXXXXXXXXXXXXXXXXXXXXXXXXXXXXXXXXXXXXXXXXXXXXXXXX
; XXXXXXXXXXXXXXXXXXXXXXXXXXXXXXXXXXXXXXXXXXXXXXXXXXXXXXXXXXXX
; XXXXXXXXXXXXXXXXXXXXXXXXXXXXXXXXXXXXXXXXXXXXXXXXXXXXXXXXXXXX
; XXXXXXXXXXXXXXXXXXXXXXXXXXXXXXXXXXXXXXXXXXXXXXXXXXXXXXXXXXXX
; XXXXXXXXXXXXXXXXXXXXXXXXXXXXXXXXXXXXXXXXXXXXXXXXXXXXXXXXXXXX
; XXXXXXXXXXXXXXXXXXXXXXXXXXXXXXXXXXXXXXXXXXXXXXXXXXXXXXXXXXXX
; XXXXXXXXXXXXXXXXXXXXXXXXXXXXXXXXXXXXXXXXXXXXXXXXXXXXXXXXXXXX
; XXXXXXXXXXXXXXXXXXXXXXXXXXXXXXXXXXXXXXXXXXXXXXXXXXXXXXXXXXXX
; XXXXXXXXXXXXXXXXXXXXXXXXXXXXXXXXXXXXXXXXXXXXXXXXXXXXXXXXXXXX
; XXXXXXXXXXXXXXXXXXXXXXXXXXXXXXXXXXXXXXXXXXXXXXXXXXXXXXXXXXXX
; XXXXXXXXXXXXXXXXXXXXXXXXXXXXXXXXXXXXXXXXXXXXXXXXXXXXXXXXXXXX
; XXXXXXXXXXXXXXXXXXXXXXXXXXXXXXXXXXXXXXXXXXXXXXXXXXXXXXXXXXXX
; XXXXXXXXXXXXXXXXXXXXXXXXXXXXXXXXXXXXXXXXXXXXXXXXXXXXXXXXXXXX
; XXXXXXXXXXXXXXXXXXXXXXXXXXXXXXXXXXXXXXXXXXXXXXXXXXXXXXXXXXXX
; XXXXXXXXXXXXXXXXXXXXXXXXXXXXXXXXXXXXXXXXXXXXXXXXXXXXXXXXXXXX
; XXXXXXXXXXXXXXXXXXXXXXXXXXXXXXXXXXXXXXXXXXXXXXXXXXXXXXXXXXXX
; XXXXXXXXXXXXXXXXXXXXXXXXXXXXXXXXXXXXXXXXXXXXXXXXXXXXXXXXXXXX
; XXXXXXXXXXXXXXXXXXXXXXXXXXXXXXXXXXXXXXXXXXXXXXXXXXXXXXXXXXXX
; XXXXXXXXXXXXXXXXXXXXXXXXXXXXXXXXXXXXXXXXXXXXXXXXXXXXXXXXXXXX
; XXXXXXXXXXXXXXXXXXXXXXXXXXXXXXXXXXXXXXXXXXXXXXXXXXXXXXXXXXXX
; XXXXXXXXXXXXXXXXXXXXXXXXXXXXXXXXXXXXXXXXXXXXXXXXXXXXXXXXXXXX
