MPLINK 4.50, Linker
Linker Map File - Created Sat Oct 12 07:23:13 2013

                                 Section Info
                  Section       Type    Address   Location Size(Bytes)
                ---------  ---------  ---------  ---------  ---------
               ResetEntry       code   0x000200    program   0x000004
                   .cinit    romdata   0x000204    program   0x000002
              HPinterrupt       code   0x000208    program   0x000004
              LPinterrupt       code   0x000218    program   0x0000a2
               JumpTable1       code   0x000300    program   0x000094
               JumpTable2       code   0x000400    program   0x0000ce
               JumpTable3       code   0x000500    program   0x000060
               JumpTable4       code   0x000600    program   0x0000c4
                    .code       code   0x0006c4    program   0x00b400
                   .org_0       code   0x010000    program   0x000000
                    Bank0      udata   0x000000       data   0x000060
                   Bank0a      udata   0x000060       data   0x0000a0
                    Bank1      udata   0x000100       data   0x00006f
                    Bank2      udata   0x000200       data   0x0000e2
                    Bank3      udata   0x000300       data   0x0000f0
                    Bank4      udata   0x000400       data   0x00004e
                    Bank5      udata   0x000500       data   0x000004
                   Bank5a      udata   0x000580       data   0x000048
                    Bank6      udata   0x000600       data   0x000100



                              Program Memory Usage 
                               Start         End      
                           ---------   ---------      
                            0x000200    0x000205      
                            0x000208    0x00020b      
                            0x000218    0x0002b9      
                            0x000300    0x000393      
                            0x000400    0x0004cd      
                            0x000500    0x00055f      
                            0x000600    0x00bac3      
            46898 out of 132120 program addresses used, program memory utilization is 35%



                              Symbols - Sorted by Name
                     Name    Address   Location    Storage File                     
                ---------  ---------  ---------  --------- ---------                
                   AAload   0x0055da    program     static ../mstar.asm             
                   AAloop   0x005596    program     static ../mstar.asm             
                   AAnext   0x0055b0    program     static ../mstar.asm             
               AAselected   0x0055c8    program     static ../mstar.asm             
                 ACESHIFT   0x001b0a    program     static ../mstar.asm             
                 ADCfixed   0x00141a    program     static ../ADC.asm               
                ADCfixed1   0x00148a    program     static ../ADC.asm               
                ADCfixed2   0x0014e4    program     static ../ADC.asm               
                ADClookup   0x000462    program     static ../mstar.asm             
                  ADCread   0x001390    program     static ../ADC.asm               
                 ADCread0   0x0013e2    program     static ../ADC.asm               
                ADCread00   0x0013ac    program     static ../ADC.asm               
                 ADCread1   0x0013d8    program     static ../ADC.asm               
                 ADCread2   0x001410    program     static ../ADC.asm               
              ADCreadChan   0x0013b6    program     static ../ADC.asm               
                     ADJ1   0x006432    program     static ../ui.asm                
                     ADJ2   0x006420    program     static ../ui.asm                
                     ADJ3   0x00643a    program     static ../ui.asm                
                  ADJbyte   0x006312    program     static ../ui.asm                
                 ADJbyte1   0x006396    program     static ../ui.asm                
                 ADJbyte2   0x006374    program     static ../ui.asm                
                 ADJbyte3   0x0063b0    program     static ../ui.asm                
              ADJbyteloop   0x00631a    program     static ../ui.asm                
                  ADJint1   0x0065ec    program     static ../ui.asm                
                  ADJint2   0x0065c8    program     static ../ui.asm                
                  ADJint3   0x00660a    program     static ../ui.asm                
               ADJinteger   0x006582    program     static ../ui.asm                
               ADJpercent   0x0063c6    program     static ../ui.asm                
                    ADJuS   0x006480    program     static ../ui.asm                
                   ADJuSa   0x0064a4    program     static ../ui.asm                
                   ADJuSz   0x006488    program     static ../ui.asm                
                   ADJus1   0x006526    program     static ../ui.asm                
                   ADJus2   0x0064fc    program     static ../ui.asm                
                   ADJus3   0x00654a    program     static ../ui.asm                
                  ADJus3a   0x006560    program     static ../ui.asm                
                  ADJus3b   0x006572    program     static ../ui.asm                
                  ADJvolt   0x006306    program     static ../ui.asm                
                     ADR1   0x003efe    program     static ../mstar.asm             
                     ADR2   0x003f3c    program     static ../mstar.asm             
                     ADR3   0x003f7a    program     static ../mstar.asm             
                     ADV1   0x00b2a4    program     static ../data.asm              
                     ADV2   0x00b2c4    program     static ../data.asm              
                     ADV3   0x00b2e0    program     static ../data.asm              
                     ADV4   0x00b300    program     static ../data.asm              
                     ADV5   0x00b31e    program     static ../data.asm              
                     ADV6   0x00b338    program     static ../data.asm              
                  AERPost   0x007014    program     static ../Servo.asm             
                   AERPre   0x006fc8    program     static ../Servo.asm             
                     AEX1   0x003e12    program     static ../mstar.asm             
                    AEX1a   0x003e22    program     static ../mstar.asm             
                     AFM0   0x0051d4    program     static ../mstar.asm             
                    AFM0z   0x004ffe    program     static ../mstar.asm             
                     AFM1   0x005038    program     static ../mstar.asm             
                     AFM2   0x005072    program     static ../mstar.asm             
                    AFM2a   0x005144    program     static ../mstar.asm             
                   AFM2aa   0x00517e    program     static ../mstar.asm             
                  AFM2aaa   0x005186    program     static ../mstar.asm             
                    AFM2b   0x005100    program     static ../mstar.asm             
                    AFM2c   0x0050e2    program     static ../mstar.asm             
                    AFM2d   0x00512a    program     static ../mstar.asm             
                    AFM2e   0x0051b2    program     static ../mstar.asm             
                     AFM3   0x0051b2    program     static ../mstar.asm             
                    AFM4a   0x0051f2    program     static ../mstar.asm             
                    AFM4c   0x005204    program     static ../mstar.asm             
                     AFM5   0x00522e    program     static ../mstar.asm             
                  AHnoRev   0x005978    program     static ../helicopter.asm        
                AHnotHold   0x005950    program     static ../helicopter.asm        
                   AHtrim   0x005964    program     static ../helicopter.asm        
                      AL1   0x004b02    program     static ../mstar.asm             
                   AMENU1   0x00a366    program     static ../data.asm              
                  AMENU10   0x00a46e    program     static ../data.asm              
                  AMENU11   0x00a488    program     static ../data.asm              
                  AMENU12   0x00a4a8    program     static ../data.asm              
                  AMENU13   0x00a4c2    program     static ../data.asm              
                   AMENU2   0x00a386    program     static ../data.asm              
                   AMENU3   0x00a3a0    program     static ../data.asm              
                   AMENU4   0x00a3c0    program     static ../data.asm              
                   AMENU5   0x00a3da    program     static ../data.asm              
                   AMENU6   0x00a3fa    program     static ../data.asm              
                   AMENU7   0x00a414    program     static ../data.asm              
                   AMENU8   0x00a434    program     static ../data.asm              
                   AMENU9   0x00a44e    program     static ../data.asm              
                   APdone   0x004eea    program     static ../mstar.asm             
                   APmix2   0x004e72    program     static ../mstar.asm             
                   APmix3   0x004eb4    program     static ../mstar.asm             
                     AS10   0x0044d8    program     static ../mstar.asm             
                    AS10a   0x00450a    program     static ../mstar.asm             
                    AS10b   0x00452e    program     static ../mstar.asm             
                    AS10c   0x004552    program     static ../mstar.asm             
                     AS11   0x004570    program     static ../mstar.asm             
                     AS9a   0x004472    program     static ../mstar.asm             
                     AS9b   0x004496    program     static ../mstar.asm             
                     AS9c   0x0044ba    program     static ../mstar.asm             
                     ASR0   0x0045c6    program     static ../mstar.asm             
                     ASR1   0x00463a    program     static ../mstar.asm             
                     ASR2   0x0046ae    program     static ../mstar.asm             
                ASR5final   0x0045ea    program     static ../mstar.asm             
                ASR8final   0x00465e    program     static ../mstar.asm             
                   ASRCH8   0x0045f2    program     static ../mstar.asm             
                ASRTfinal   0x0046d2    program     static ../mstar.asm             
                  ASRdone   0x0046e4    program     static ../mstar.asm             
                   ASRtht   0x004666    program     static ../mstar.asm             
                      AT1   0x0042e4    program     static ../mstar.asm             
                      AT2   0x004318    program     static ../mstar.asm             
                  ATLpost   0x006836    program     static ../ui.asm                
                  ATMODE1   0x00a57e    program     static ../data.asm              
                  ATMODE2   0x00a598    program     static ../data.asm              
                  ATMODE3   0x00a5b2    program     static ../data.asm              
                  ATreset   0x0075be    program     static ../Options.asm           
                    AUXhi   0x00172a    program     static ../mstar.asm             
                   Accept   0x0061d6    program     static ../ui.asm                
                  Accept1   0x006220    program     static ../ui.asm                
                  Accept2   0x006244    program     static ../ui.asm                
               AcceptLoop   0x0061f2    program     static ../ui.asm                
                AddressOK   0x001cc2    program     static ../Flash.asm             
            AdvanceRecord   0x005f5c    program     static ../ui.asm                
                   AilMes   0x003636    program     static ../Monitor.asm           
                  AilPost   0x00700a    program     static ../Servo.asm             
                   AilPre   0x006fb8    program     static ../Servo.asm             
                  Aileron   0x006740    program     static ../ui.asm                
                 Aileron1   0x006772    program     static ../ui.asm                
                 Aileron2   0x006786    program     static ../ui.asm                
             AircraftName   0x006b9c    program     static ../AftName.asm           
        AlternateAircraft   0x005566    program     static ../mstar.asm             
           ApplyDualRates   0x003ec0    program     static ../mstar.asm             
                ApplyExpo   0x003de6    program     static ../mstar.asm             
         ApplyFixedMixers   0x0051c4    program     static ../mstar.asm             
    ApplyFixedMixersPrior   0x0051b4    program     static ../mstar.asm             
          ApplyHelicopter   0x0058fa    program     static ../helicopter.asm        
               ApplyLimit   0x004ae2    program     static ../mstar.asm             
                 ApplyMix   0x000600    program     static ../mstar.asm             
          ApplyMixReplace   0x000666    program     static ../mstar.asm             
              ApplyMixers   0x004e3c    program     static ../mstar.asm             
            ApplySlewRate   0x00457e    program     static ../mstar.asm             
                ApplySnap   0x004436    program     static ../mstar.asm             
            ApplySubTrims   0x004324    program     static ../mstar.asm             
              ApplySymSet   0x006f36    program     static ../Servo.asm             
               ApplyToAll   0x006804    program     static ../ui.asm                
               ApplyTrims   0x004138    program     static ../mstar.asm             
                AutoLimit   0x00486e    program     static ../mstar.asm             
               AutoLimit1   0x004880    program     static ../mstar.asm             
               AutoLimit2   0x00489e    program     static ../mstar.asm             
               AutoLimit3   0x004894    program     static ../mstar.asm             
                 AutoTrim   0x0046e6    program     static ../mstar.asm             
                AutoTrim0   0x004728    program     static ../mstar.asm             
               AutoTrim1a   0x004762    program     static ../mstar.asm             
               AutoTrim1b   0x004786    program     static ../mstar.asm             
               AutoTrim1c   0x004776    program     static ../mstar.asm             
               AutoTrim1d   0x004790    program     static ../mstar.asm             
               AutoTrim1e   0x004746    program     static ../mstar.asm             
            AutoTrim1plim   0x00477c    program     static ../mstar.asm             
                AutoTrim2   0x004794    program     static ../mstar.asm             
            AutoTrim2Zero   0x00766e    program     static ../Options.asm           
               AutoTrim2a   0x0047ce    program     static ../mstar.asm             
               AutoTrim2b   0x0047f2    program     static ../mstar.asm             
               AutoTrim2c   0x0047e2    program     static ../mstar.asm             
               AutoTrim2d   0x0047fc    program     static ../mstar.asm             
               AutoTrim2e   0x0047b2    program     static ../mstar.asm             
            AutoTrim2plim   0x0047e8    program     static ../mstar.asm             
                AutoTrim3   0x004800    program     static ../mstar.asm             
               AutoTrim3a   0x00483a    program     static ../mstar.asm             
               AutoTrim3b   0x00485e    program     static ../mstar.asm             
               AutoTrim3c   0x00484e    program     static ../mstar.asm             
               AutoTrim3d   0x004868    program     static ../mstar.asm             
               AutoTrim3e   0x00481e    program     static ../mstar.asm             
            AutoTrim3plim   0x004854    program     static ../mstar.asm             
                AutoTrim4   0x00486c    program     static ../mstar.asm             
          AutoTrimMonitor   0x00389c    program     static ../Monitor.asm           
         AuxServoChanMode   0x0015de    program     static ../mstar.asm             
              AuxStateClr   0x0015ec    program     static ../mstar.asm             
                     BID0   0x0056c6    program     static ../mstar.asm             
                     BID1   0x00571a    program     static ../mstar.asm             
                     BID2   0x00576e    program     static ../mstar.asm             
                     BID3   0x0057bc    program     static ../mstar.asm             
                     BID4   0x0057ea    program     static ../mstar.asm             
                     BID5   0x005818    program     static ../mstar.asm             
                     BID6   0x005846    program     static ../mstar.asm             
                 BIDAUTOT   0x0057be    program     static ../mstar.asm             
                   BIDELE   0x0056e8    program     static ../mstar.asm             
                  BIDEXIT   0x00584a    program     static ../mstar.asm             
                  BIDNEXT   0x005848    program     static ../mstar.asm             
                BIDPRESET   0x005790    program     static ../mstar.asm             
                   BIDRUD   0x00573c    program     static ../mstar.asm             
                 BIDSNAPL   0x00581a    program     static ../mstar.asm             
                 BIDSNAPR   0x0057ec    program     static ../mstar.asm             
           BackupAircraft   0x004d0a    program     static ../mstar.asm             
                     Beep   0x001844    program     static ../mstar.asm             
                  BlkMove   0x005600    program     static ../mstar.asm             
                 BlkMove1   0x005614    program     static ../mstar.asm             
                 ButtonID   0x00568e    program     static ../mstar.asm             
             ButtonIDinit   0x005626    program     static ../mstar.asm             
                BuzInited   0x000954    program     static ../mstar.asm             
                BuzInvert   0x001862    program     static ../mstar.asm             
                    BuzOK   0x0006ec    program     static ../mstar.asm             
                   C1608S   0x002946    program     static ../Math.asm              
                 C1608SOK   0x002a40    program     static ../Math.asm              
                  C1608SX   0x00293c    program     static ../Math.asm              
                 C1608SX1   0x002a54    program     static ../Math.asm              
                 C1608SX2   0x002a7e    program     static ../Math.asm              
                 C1608SX3   0x002a86    program     static ../Math.asm              
                 C1608SX4   0x002a90    program     static ../Math.asm              
                   C2416S   0x002af4    program     static ../DIV2416.ASM           
                 C2416SOK   0x002de2    program     static ../DIV2416.ASM           
                  C2416SX   0x002aea    program     static ../DIV2416.ASM           
                 C2416SX1   0x002dfe    program     static ../DIV2416.ASM           
                 C2416SX2   0x002e30    program     static ../DIV2416.ASM           
                 C2416SX3   0x002e3a    program     static ../DIV2416.ASM           
                 C2416SX4   0x002e46    program     static ../DIV2416.ASM           
                  CA1608S   0x00292e    program     static ../Math.asm              
                  CA2416S   0x002ad8    program     static ../DIV2416.ASM           
                  CALMES0   0x0087ce    program     static ../data.asm              
                  CALMES1   0x0087e0    program     static ../data.asm              
                 CALMES10   0x0088a0    program     static ../data.asm              
                 CALMES11   0x0088b8    program     static ../data.asm              
                 CALMES12   0x0088d0    program     static ../data.asm              
                 CALMES13   0x0088e8    program     static ../data.asm              
                 CALMES14   0x008900    program     static ../data.asm              
                  CALMES2   0x0087f8    program     static ../data.asm              
                  CALMES3   0x008810    program     static ../data.asm              
                  CALMES4   0x008828    program     static ../data.asm              
                  CALMES5   0x008840    program     static ../data.asm              
                  CALMES6   0x008858    program     static ../data.asm              
                  CALMES7   0x008870    program     static ../data.asm              
                  CALMES8   0x008888    program     static ../data.asm              
                  CALexit   0x005d40    program     static ../ui.asm                
                  CALmode   0x000c8c    program     static ../mstar.asm             
               CALoptions   0x000300    program     static ../mstar.asm             
                     CAN0   0x006bae    program     static ../AftName.asm           
                     CAN1   0x006bf6    program     static ../AftName.asm           
                     CAN2   0x006c0e    program     static ../AftName.asm           
                     CAN3   0x006c24    program     static ../AftName.asm           
                     CAN4   0x006c36    program     static ../AftName.asm           
                     CANa   0x006bda    program     static ../AftName.asm           
                    CCPM1   0x005254    program     static ../mstar.asm             
                    CCPM2   0x005268    program     static ../mstar.asm             
                CCPMmixer   0x005230    program     static ../mstar.asm             
                CH567Post   0x007180    program     static ../Servo.asm             
                 CH567Pre   0x007136    program     static ../Servo.asm             
                   CH5Mes   0x003676    program     static ../Monitor.asm           
                  CH5Post   0x007176    program     static ../Servo.asm             
                   CH5Pre   0x007126    program     static ../Servo.asm             
                 CH5_Done   0x003cbe    program     static ../mstar.asm             
                  CH5_OFF   0x003cb4    program     static ../mstar.asm             
                   CH6Mes   0x003686    program     static ../Monitor.asm           
                  CH6Post   0x00719c    program     static ../Servo.asm             
                   CH6Pre   0x00714e    program     static ../Servo.asm             
                  CH6save   0x004a36    program     static ../mstar.asm             
                   CH7Mes   0x003696    program     static ../Monitor.asm           
                  CH7Post   0x0071aa    program     static ../Servo.asm             
                   CH7Pre   0x007162    program     static ../Servo.asm             
                  CH7save   0x004a68    program     static ../mstar.asm             
                   CH8Mes   0x0036a6    program     static ../Monitor.asm           
                  CH8Post   0x0071da    program     static ../Servo.asm             
                   CH8Pre   0x0071b8    program     static ../Servo.asm             
                 CH8_Done   0x003d76    program     static ../mstar.asm             
                    CH8_b   0x003d5e    program     static ../mstar.asm             
                    CH8_c   0x003d42    program     static ../mstar.asm             
                     CMA1   0x00751e    program     static ../Mixers.asm            
                     CMA2   0x00752e    program     static ../Mixers.asm            
                      CN1   0x003a76    program     static ../mstar.asm             
                     COP1   0x00a1f4    program     static ../data.asm              
                    COP10   0x00a2fc    program     static ../data.asm              
                    COP11   0x00a316    program     static ../data.asm              
                    COP12   0x00a330    program     static ../data.asm              
                    COP13   0x00a34c    program     static ../data.asm              
                     COP2   0x00a20e    program     static ../data.asm              
                     COP3   0x00a22c    program     static ../data.asm              
                     COP4   0x00a24a    program     static ../data.asm              
                     COP5   0x00a268    program     static ../data.asm              
                     COP6   0x00a282    program     static ../data.asm              
                     COP7   0x00a2a2    program     static ../data.asm              
                     COP8   0x00a2c0    program     static ../data.asm              
                     COP9   0x00a2e0    program     static ../data.asm              
                     CSP1   0x0048d6    program     static ../mstar.asm             
                     CSP2   0x0048ea    program     static ../mstar.asm             
                     CSP3   0x004928    program     static ../mstar.asm             
                     CSP4   0x00493c    program     static ../mstar.asm             
                     CSP5   0x00497a    program     static ../mstar.asm             
                     CSP6   0x00498e    program     static ../mstar.asm             
                     CSP7   0x004a92    program     static ../mstar.asm             
                     CSP8   0x004a9e    program     static ../mstar.asm             
                     CSP9   0x004ae0    program     static ../mstar.asm             
                     CUI2   0x006a74    program     static ../ui.asm                
                    CUI2a   0x006a7e    program     static ../ui.asm                
                     CUI3   0x0069e4    program     static ../ui.asm                
                     CUI4   0x006a44    program     static ../ui.asm                
                    CUI4a   0x006a50    program     static ../ui.asm                
                     CUI5   0x006a0c    program     static ../ui.asm                
              CalAdvanced   0x006952    program     static ../ui.asm                
          CalAircraftName   0x00685e    program     static ../ui.asm                
            CalHelicopter   0x00696e    program     static ../ui.asm                
                CalMixers   0x0068da    program     static ../ui.asm                
           CalModeProcess   0x005db4    program     static ../ui.asm                
                CalNotSel   0x000cd4    program     static ../mstar.asm             
               CalOptions   0x006912    program     static ../ui.asm                
           CalSaveAndExit   0x005d54    program     static ../ui.asm                
              CalSaveExit   0x006890    program     static ../ui.asm                
        CalSelectAircraft   0x00685a    program     static ../ui.asm                
       CalSelectFrequency   0x00694e    program     static ../ui.asm                
                CalServos   0x0068be    program     static ../ui.asm                
                  CalSnap   0x0068a2    program     static ../ui.asm                
                CalSwitch   0x0068f6    program     static ../ui.asm                
           CalSystemSetup   0x006932    program     static ../ui.asm                
                 CalTimer   0x006878    program     static ../ui.asm                
                    CalUI   0x0069aa    program     static ../ui.asm                
                 CalVolt1   0x007b60    program     static ../System.asm            
                 CalVolt2   0x007b74    program     static ../System.asm            
             CalVoltMeter   0x007adc    program     static ../System.asm            
     CalculateFixedMixers   0x004eec    program     static ../mstar.asm             
CalculateNormalizedPositions   0x003abe    program     static ../mstar.asm             
  CalculateServoPositions   0x0048b2    program     static ../mstar.asm             
              Calibration   0x005d8a    program     static ../ui.asm                
                CallBXreg   0x005fae    program     static ../ui.asm                
               CenterBeep   0x003f7c    program     static ../mstar.asm             
          CenterNormalize   0x003a3c    program     static ../mstar.asm             
                   CmdEnd   0x0023d6    program     static ../comms.asm             
                ConfigLoc   0x010000    program     static ../mstar.asm             
            Convert2Gains   0x006e12    program     static ../Servo.asm             
          Convert2GainsNC   0x006ea4    program     static ../Servo.asm             
            Convert2Times   0x006c9a    program     static ../Servo.asm             
          Convert2TimesNC   0x006d78    program     static ../Servo.asm             
                  CopyAFT   0x007642    program     static ../Options.asm           
                CopyAFTgo   0x00764e    program     static ../Options.asm           
                      DF0   0x007c38    program     static ../SelFreq.asm           
                  DF50MHz   0x007c74    program     static ../SelFreq.asm           
                  DF72MHz   0x007cde    program     static ../SelFreq.asm           
              DFTaircraft   0x00b8c4    program     static ../mstar.asm             
             DFTaircraft2   0x00b9c4    program     static ../mstar.asm             
               DFTgeneral   0x00b7c4    program     static ../mstar.asm             
                   DSP3d1   0x000f70    program     static ../mstar.asm             
                     DTL0   0x008212    program     static ../DigitalTrims.asm      
                   DTmess   0x00822e    program     static ../DigitalTrims.asm      
                   DTrim0   0x0081de    program     static ../DigitalTrims.asm      
                   DTrim1   0x0081d6    program     static ../DigitalTrims.asm      
                   DTrim2   0x00819e    program     static ../DigitalTrims.asm      
                DUALAILM1   0x00995c    program     static ../data.asm              
                DUALAILM2   0x009976    program     static ../data.asm              
                DUALAILM3   0x009990    program     static ../data.asm              
                DUALAILM4   0x0099aa    program     static ../data.asm              
                DUALAILM5   0x0099c4    program     static ../data.asm              
                DUALAILM6   0x0099de    program     static ../data.asm              
                 Delay1mS   0x001b20    program     static ../mstar.asm             
                Delay1mS0   0x001b22    program     static ../mstar.asm             
                 Delay2uS   0x001b16    program     static ../mstar.asm             
              DigitalTrim   0x008188    program     static ../DigitalTrims.asm      
          DigitalTrimInit   0x007f58    program     static ../DigitalTrims.asm      
         DigitalTrimLimit   0x0081f0    program     static ../DigitalTrims.asm      
         DispAircraftDone   0x000eaa    program     static ../mstar.asm             
                   DispBT   0x000e0e    program     static ../mstar.asm             
                 DispNoBT   0x000e20    program     static ../mstar.asm             
             DispNoSaveBT   0x000e52    program     static ../mstar.asm             
           DispNotStudent   0x000ea2    program     static ../mstar.asm             
                  Display   0x000d3e    program     static ../mstar.asm             
      DisplayAircraftName   0x000d1c    program     static ../mstar.asm             
       DisplayCalibration   0x005da6    program     static ../ui.asm                
         DisplayFrequency   0x007c14    program     static ../SelFreq.asm           
          DisplayModeDone   0x000d52    program     static ../mstar.asm             
           DisplayServoMS   0x003816    program     static ../Monitor.asm           
              DisplayTrim   0x00826e    program     static ../DigitalTrims.asm      
                Divide168   0x00290a    program     static ../Math.asm              
               Divide2416   0x002aac    program     static ../DIV2416.ASM           
              Divide3232u   0x002e72    program     static ../DIV3232U.ASM          
                     Dsp1   0x000eda    program     static ../mstar.asm             
                     Dsp2   0x000ed8    program     static ../mstar.asm             
                     Dsp3   0x000f40    program     static ../mstar.asm             
                    Dsp3a   0x000efe    program     static ../mstar.asm             
                    Dsp3b   0x000f14    program     static ../mstar.asm             
                    Dsp3c   0x000f2a    program     static ../mstar.asm             
                    Dsp3d   0x000f92    program     static ../mstar.asm             
                  Dsp3d1a   0x000f8a    program     static ../mstar.asm             
               EEPROMnext   0x001b46    program     static ../EEPROM.asm            
             EEPROMnextRB   0x001b6c    program     static ../EEPROM.asm            
             EEPROMnextWB   0x001bf4    program     static ../EEPROM.asm            
               EEPROMread   0x001b36    program     static ../EEPROM.asm            
          EEPROMreadBlock   0x001b56    program     static ../EEPROM.asm            
           EEPROMreadByte   0x001b7e    program     static ../EEPROM.asm            
         EEPROMwriteBWait   0x001c0c    program     static ../EEPROM.asm            
         EEPROMwriteBlock   0x001bdc    program     static ../EEPROM.asm            
          EEPROMwriteByte   0x001b94    program     static ../EEPROM.asm            
      EEPROMwriteByteWait   0x001bb8    program     static ../EEPROM.asm            
          EEPROMwriteWord   0x001bc2    program     static ../EEPROM.asm            
                     EEX1   0x003e5a    program     static ../mstar.asm             
                    EEX1a   0x003e6a    program     static ../mstar.asm             
                   EleMes   0x003646    program     static ../Monitor.asm           
                  ElePost   0x007038    program     static ../Servo.asm             
                   ElePre   0x006fe2    program     static ../Servo.asm             
                 Elevator   0x00678c    program     static ../ui.asm                
                Elevator1   0x0067d2    program     static ../ui.asm                
                Elevator2   0x0067fe    program     static ../ui.asm                
              EndAuxState   0x0015ee    program     static ../mstar.asm             
                     Expo   0x003d78    program     static ../mstar.asm             
                  ExpoPos   0x003db2    program     static ../mstar.asm             
                    FMIX1   0x009414    program     static ../data.asm              
                   FMIX10   0x009534    program     static ../data.asm              
                   FMIX11   0x009554    program     static ../data.asm              
                   FMIX12   0x009574    program     static ../data.asm              
                   FMIX13   0x009594    program     static ../data.asm              
                   FMIX14   0x0095ae    program     static ../data.asm              
                   FMIX15   0x0095ce    program     static ../data.asm              
                   FMIX16   0x0095ee    program     static ../data.asm              
                   FMIX17   0x00960e    program     static ../data.asm              
                   FMIX18   0x00962a    program     static ../data.asm              
                   FMIX19   0x009646    program     static ../data.asm              
                    FMIX2   0x009434    program     static ../data.asm              
                   FMIX20   0x009662    program     static ../data.asm              
                   FMIX21   0x00967c    program     static ../data.asm              
                   FMIX22   0x009698    program     static ../data.asm              
                   FMIX23   0x0096b2    program     static ../data.asm              
                   FMIX24   0x0096ce    program     static ../data.asm              
                    FMIX3   0x009454    program     static ../data.asm              
                    FMIX4   0x009474    program     static ../data.asm              
                    FMIX5   0x009494    program     static ../data.asm              
                    FMIX6   0x0094b4    program     static ../data.asm              
                    FMIX7   0x0094d4    program     static ../data.asm              
                    FMIX8   0x0094f4    program     static ../data.asm              
                    FMIX9   0x009514    program     static ../data.asm              
                  FMIXOP1   0x009856    program     static ../data.asm              
                 FMIXOP10   0x009942    program     static ../data.asm              
                  FMIXOP2   0x009870    program     static ../data.asm              
                  FMIXOP3   0x00988c    program     static ../data.asm              
                  FMIXOP4   0x0098a6    program     static ../data.asm              
                  FMIXOP5   0x0098c0    program     static ../data.asm              
                  FMIXOP6   0x0098da    program     static ../data.asm              
                  FMIXOP7   0x0098f4    program     static ../data.asm              
                  FMIXOP8   0x00990e    program     static ../data.asm              
                  FMIXOP9   0x009928    program     static ../data.asm              
                  FMIXST1   0x009808    program     static ../data.asm              
                  FMIXST2   0x009822    program     static ../data.asm              
                  FMIXST3   0x00983c    program     static ../data.asm              
                      FMS   0x00284e    program     static ../FMS.asm               
                  FMSNotZ   0x00283a    program     static ../FMS.asm               
                 FMScNotZ   0x0027fa    program     static ../FMS.asm               
                FMScenter   0x0027e0    program     static ../FMS.asm               
                  FMSdiv4   0x002812    program     static ../FMS.asm               
                  FMSdiv8   0x00280e    program     static ../FMS.asm               
                FMSenable   0x007776    program     static ../System.asm            
               FMSenable1   0x007784    program     static ../System.asm            
                  FMSinit   0x0027b0    program     static ../FMS.asm               
                 FMSinit1   0x0027cc    program     static ../FMS.asm               
             FMSnonCenter   0x002828    program     static ../FMS.asm               
                  FMSsend   0x00281c    program     static ../FMS.asm               
                     FS03   0x001c7a    program     static ../Flash.asm             
                     FS04   0x001c98    program     static ../Flash.asm             
                   FSexit   0x001ca0    program     static ../Flash.asm             
                 FXD1608S   0x00290a    program     static ../Math.asm              
                 FXD2416S   0x002aac    program     static ../DIV2416.ASM           
                 FXD3232U   0x002e72    program     static ../DIV3232U.ASM          
            FindSelection   0x005f50    program     static ../ui.asm                
         FlashAllAircraft   0x001cae    program     static ../Flash.asm             
     FlashAllAircraftNext   0x001cf6    program     static ../Flash.asm             
               FlashErase   0x001d74    program     static ../Flash.asm             
                FlashRead   0x001d46    program     static ../Flash.asm             
               FlashRead1   0x001d5e    program     static ../Flash.asm             
               FlashWrite   0x001dae    program     static ../Flash.asm             
          FlashWrite_8720   0x001e26    program     static ../Flash.asm             
                  FmtFlsh   0x0077d4    program     static ../System.asm            
              FormatFlash   0x001c1c    program     static ../Flash.asm             
                 FormatIt   0x00090c    program     static ../mstar.asm             
                 FormatOK   0x000914    program     static ../mstar.asm             
               FutabaDone   0x000c0e    program     static ../mstar.asm             
               FutabaMode   0x000bf2    program     static ../mstar.asm             
                 GTP_Norm   0x005bae    program     static ../helicopter.asm        
                 GTP_Save   0x005bb4    program     static ../helicopter.asm        
               GTP_Stunt1   0x005b98    program     static ../helicopter.asm        
               GTP_Stunt2   0x005b82    program     static ../helicopter.asm        
                  GetFrom   0x000500    program     static ../mstar.asm             
          GyroTuneProcess   0x005b32    program     static ../helicopter.asm        
                   HCGtbl   0x0020f4    program     static ../lcd52.asm             
                    HELI1   0x00b352    program     static ../data.asm              
                   HELI10   0x00b448    program     static ../data.asm              
                   HELI11   0x00b462    program     static ../data.asm              
                    HELI2   0x00b36e    program     static ../data.asm              
                    HELI3   0x00b38a    program     static ../data.asm              
                    HELI4   0x00b3a6    program     static ../data.asm              
                    HELI5   0x00b3c2    program     static ../data.asm              
                    HELI6   0x00b3de    program     static ../data.asm              
                    HELI7   0x00b3fa    program     static ../data.asm              
                    HELI8   0x00b414    program     static ../data.asm              
                    HELI9   0x00b42e    program     static ../data.asm              
                 HIGHISRS   0x00021c    program     static ../mstar.asm             
                HIGHISRS0   0x00023a    program     static ../mstar.asm             
                HIGHISRS1   0x000246    program     static ../mstar.asm             
                HIUP_NORM   0x005a06    program     static ../helicopter.asm        
                 HIUP_SET   0x005a16    program     static ../helicopter.asm        
                 HIUP_ST1   0x0059e4    program     static ../helicopter.asm        
                   HMD_S1   0x005c18    program     static ../helicopter.asm        
                   HMD_S2   0x005c2a    program     static ../helicopter.asm        
                   HMD_TH   0x005c06    program     static ../helicopter.asm        
                HPrevDone   0x005a86    program     static ../helicopter.asm        
    HelicopterModeDisplay   0x005bce    program     static ../helicopter.asm        
               HsetIdleUp   0x0059c2    program     static ../helicopter.asm        
                HsetPitch   0x005a38    program     static ../helicopter.asm        
          HsetSensitivity   0x005aca    program     static ../helicopter.asm        
             HsetThrottle   0x005a88    program     static ../helicopter.asm        
                  IDAILHI   0x00871a    program     static ../data.asm              
                 IDAILLOW   0x00872c    program     static ../data.asm              
                  IDAUTOT   0x0087aa    program     static ../data.asm              
                  IDELEHI   0x00873e    program     static ../data.asm              
                 IDELELOW   0x008750    program     static ../data.asm              
                  IDLEUP1   0x0099f8    program     static ../data.asm              
                  IDLEUP2   0x009a12    program     static ../data.asm              
                  IDLEUP3   0x009a2c    program     static ../data.asm              
                  IDLEUP4   0x009a46    program     static ../data.asm              
                 IDPRESET   0x0087bc    program     static ../data.asm              
                  IDRUDHI   0x008762    program     static ../data.asm              
                 IDRUDLOW   0x008774    program     static ../data.asm              
                  IDSNAPL   0x008798    program     static ../data.asm              
                  IDSNAPR   0x008786    program     static ../data.asm              
                  INT1ISR   0x001ab2    program     static ../mstar.asm             
             INT1ISR_EXIT   0x001b12    program     static ../mstar.asm             
                    Input   0x005fc6    program     static ../ui.asm                
                   Input1   0x006010    program     static ../ui.asm                
                   Input2   0x006024    program     static ../ui.asm                
                   Input3   0x006078    program     static ../ui.asm                
                   Input4   0x0060a2    program     static ../ui.asm                
                   Input5   0x0060c4    program     static ../ui.asm                
                   Input6   0x0060e8    program     static ../ui.asm                
                   Input7   0x006114    program     static ../ui.asm                
                   Input8   0x006122    program     static ../ui.asm                
                  Input8a   0x00617c    program     static ../ui.asm                
                   Input9   0x006144    program     static ../ui.asm                
                   InputB   0x006186    program     static ../ui.asm                
                   InputC   0x00619a    program     static ../ui.asm                
                   InputD   0x0061d4    program     static ../ui.asm                
                  Int2Str   0x0022ac    program     static ../Display.asm           
                JCALMES14   0x00b1ac    program     static ../data.asm              
                JCALMES15   0x00b1be    program     static ../data.asm              
                JCALMES16   0x00b1d0    program     static ../data.asm              
                   JSCAL1   0x00b07a    program     static ../data.asm              
                  JSCAL10   0x00b176    program     static ../data.asm              
                  JSCAL11   0x00b192    program     static ../data.asm              
                   JSCAL2   0x00b096    program     static ../data.asm              
                   JSCAL3   0x00b0b2    program     static ../data.asm              
                   JSCAL4   0x00b0ce    program     static ../data.asm              
                   JSCAL5   0x00b0ea    program     static ../data.asm              
                   JSCAL6   0x00b106    program     static ../data.asm              
                   JSCAL7   0x00b122    program     static ../data.asm              
                   JSCAL8   0x00b13e    program     static ../data.asm              
                   JSCAL9   0x00b15a    program     static ../data.asm              
                  JScChan   0x007998    program     static ../System.asm            
                 JSncChan   0x0078c8    program     static ../System.asm            
              JStrimsChan   0x0077da    program     static ../System.asm            
                LCDbinary   0x00219e    program     static ../Display.asm           
               LCDbinary0   0x0021a4    program     static ../Display.asm           
                  LCDbusy   0x002088    program     static ../lcd52.asm             
                 LCDbusyA   0x0020b4    program     static ../lcd52.asm             
                   LCDhex   0x0021b8    program     static ../Display.asm           
                  LCDinit   0x001ea6    program     static ../lcd52.asm             
              LCDinitDone   0x001faa    program     static ../lcd52.asm             
                   LCDint   0x002214    program     static ../Display.asm           
                  LCDint1   0x002250    program     static ../Display.asm           
                  LCDint2   0x002248    program     static ../Display.asm           
                  LCDint3   0x002240    program     static ../Display.asm           
                  LCDint4   0x002238    program     static ../Display.asm           
                  LCDintA   0x00221e    program     static ../Display.asm           
                  LCDintB   0x002224    program     static ../Display.asm           
                  LCDintC   0x00222a    program     static ../Display.asm           
                  LCDintD   0x002230    program     static ../Display.asm           
                 LCDintZS   0x002258    program     static ../Display.asm           
                    LCDmS   0x00386c    program     static ../Monitor.asm           
                 LCDmSfix   0x003860    program     static ../Monitor.asm           
               LCDportOut   0x0020c0    program     static ../lcd52.asm             
                  LCDsR00   0x001fda    program     static ../lcd52.asm             
                  LCDsR01   0x001fe0    program     static ../lcd52.asm             
                  LCDsR02   0x001fec    program     static ../lcd52.asm             
                  LCDsR03   0x001ffa    program     static ../lcd52.asm             
                  LCDsR04   0x002008    program     static ../lcd52.asm             
                  LCDsR05   0x002016    program     static ../lcd52.asm             
                  LCDsR06   0x002024    program     static ../lcd52.asm             
                  LCDsR07   0x002032    program     static ../lcd52.asm             
                LCDsendAX   0x00213c    program     static ../Display.asm           
           LCDsendAXLine2   0x002152    program     static ../Display.asm           
               LCDsendCMD   0x00205c    program     static ../lcd52.asm             
           LCDsendDXLine2   0x002168    program     static ../Display.asm           
              LCDsendData   0x00203e    program     static ../lcd52.asm             
              LCDsendMess   0x00217e    program     static ../Display.asm           
             LCDsendMessN   0x002184    program     static ../Display.asm           
                  LCDsign   0x0021ec    program     static ../Display.asm           
          LCDspecialRemap   0x001fd0    program     static ../lcd52.asm             
                  LCDwait   0x00207a    program     static ../lcd52.asm             
                  LOWISR2   0x000298    program     static ../mstar.asm             
                  LOWISR3   0x0002a4    program     static ../mstar.asm             
                  LOWISRS   0x00025a    program     static ../mstar.asm             
                 LOWISRS0   0x00027a    program     static ../mstar.asm             
                 LOWISRS1   0x000286    program     static ../mstar.asm             
                  Limit16   0x00644e    program     static ../ui.asm                
                 Limit16a   0x006468    program     static ../ui.asm                
                 Limit16b   0x00647e    program     static ../ui.asm                
                   Limit8   0x0062fa    program     static ../ui.asm                
             LoadAircraft   0x004c5a    program     static ../mstar.asm             
     LoadAircraftDefaults   0x007efe    program     static ../mstar.asm             
         LoadAircraftName   0x004bb0    program     static ../mstar.asm             
             LoadDefaults   0x007ed2    program     static ../mstar.asm             
            LoadDefaults1   0x007eea    program     static ../mstar.asm             
            LoadDefaults2   0x007f16    program     static ../mstar.asm             
            LoadDefaults3   0x007f42    program     static ../mstar.asm             
              LoadGeneral   0x004b44    program     static ../mstar.asm             
                  M2Mloop   0x004dce    program     static ../mstar.asm             
                  M2Mnext   0x004e2e    program     static ../mstar.asm             
                M2MtryCH5   0x004dfe    program     static ../mstar.asm             
                M2MtryCH8   0x004e18    program     static ../mstar.asm             
                    MAFTN   0x008960    program     static ../data.asm              
                    MATP1   0x00a4dc    program     static ../data.asm              
                    MATP2   0x00a4f8    program     static ../data.asm              
                    MATP3   0x00a512    program     static ../data.asm              
                    MATP4   0x00a52c    program     static ../data.asm              
                    MATP5   0x00a546    program     static ../data.asm              
                    MATP6   0x00a564    program     static ../data.asm              
                 MAUXOUT0   0x00a6a4    program     static ../data.asm              
                 MAUXOUT1   0x00a5cc    program     static ../data.asm              
                 MAUXOUT2   0x00a5e4    program     static ../data.asm              
                 MAUXOUT3   0x00a5fc    program     static ../data.asm              
                 MAUXOUT4   0x00a614    program     static ../data.asm              
                 MAUXOUT5   0x00a62c    program     static ../data.asm              
                 MAUXOUT6   0x00a644    program     static ../data.asm              
                 MAUXOUT7   0x00a65c    program     static ../data.asm              
                 MAUXOUT8   0x00a674    program     static ../data.asm              
                 MAUXOUT9   0x00a68c    program     static ../data.asm              
                     MBB1   0x00a6bc    program     static ../data.asm              
                     MBB2   0x00a6d6    program     static ../data.asm              
                     MBB3   0x00a6f2    program     static ../data.asm              
                     MBB4   0x00a70c    program     static ../data.asm              
                  MBLADES   0x008984    program     static ../data.asm              
                     MCAN   0x008972    program     static ../data.asm              
                   MCCPM1   0x00b47c    program     static ../data.asm              
                   MCCPM2   0x00b494    program     static ../data.asm              
                   MCCPM3   0x00b4ac    program     static ../data.asm              
                   MCCPM4   0x00b4c4    program     static ../data.asm              
                   MCLEAR   0x00894e    program     static ../data.asm              
                    MCONT   0x0089de    program     static ../data.asm              
                  MDEFECT   0x008a5c    program     static ../data.asm              
                   MDELAY   0x008a80    program     static ../data.asm              
                     MENA   0x008918    program     static ../data.asm              
                     MES0   0x008540    program     static ../data.asm              
                     MES1   0x008552    program     static ../data.asm              
                    MES10   0x0085ea    program     static ../data.asm              
                    MES11   0x0085fc    program     static ../data.asm              
                    MES12   0x008606    program     static ../data.asm              
                    MES14   0x00860c    program     static ../data.asm              
                    MES15   0x00861e    program     static ../data.asm              
                    MES16   0x008630    program     static ../data.asm              
                    MES17   0x008642    program     static ../data.asm              
                    MES19   0x008654    program     static ../data.asm              
                     MES2   0x008564    program     static ../data.asm              
                    MES20   0x008666    program     static ../data.asm              
                    MES22   0x008678    program     static ../data.asm              
                    MES23   0x00868a    program     static ../data.asm              
                    MES24   0x00869c    program     static ../data.asm              
                    MES25   0x0086ae    program     static ../data.asm              
                    MES26   0x0086c0    program     static ../data.asm              
                    MES27   0x0086d2    program     static ../data.asm              
                    MES28   0x0086e4    program     static ../data.asm              
                    MES29   0x0086f6    program     static ../data.asm              
                     MES3   0x008576    program     static ../data.asm              
                    MES30   0x008708    program     static ../data.asm              
                     MES4   0x008588    program     static ../data.asm              
                     MES5   0x00859a    program     static ../data.asm              
                     MES6   0x0085ac    program     static ../data.asm              
                     MES7   0x0085be    program     static ../data.asm              
                     MES8   0x0085d0    program     static ../data.asm              
                     MES9   0x0085e2    program     static ../data.asm              
                    MGAIN   0x008a14    program     static ../data.asm              
                      MHZ   0x008a4a    program     static ../data.asm              
                  MINVERT   0x008a26    program     static ../data.asm              
                   MIXORD   0x008996    program     static ../data.asm              
                  MIXSEL1   0x0096e8    program     static ../data.asm              
                 MIXSEL10   0x0097c0    program     static ../data.asm              
                 MIXSEL11   0x0097d8    program     static ../data.asm              
                 MIXSEL12   0x0097f0    program     static ../data.asm              
                  MIXSEL2   0x009700    program     static ../data.asm              
                  MIXSEL3   0x009718    program     static ../data.asm              
                  MIXSEL4   0x009730    program     static ../data.asm              
                  MIXSEL5   0x009748    program     static ../data.asm              
                  MIXSEL6   0x009760    program     static ../data.asm              
                  MIXSEL7   0x009778    program     static ../data.asm              
                  MIXSEL8   0x009790    program     static ../data.asm              
                  MIXSEL9   0x0097a8    program     static ../data.asm              
                     MKHZ   0x008a6e    program     static ../data.asm              
                     MMM1   0x00a726    program     static ../data.asm              
                     MMM2   0x00a73e    program     static ../data.asm              
                   MNORM1   0x00b4dc    program     static ../data.asm              
                   MNORM2   0x00b4f6    program     static ../data.asm              
                   MNORM3   0x00b516    program     static ../data.asm              
                   MNORM4   0x00b532    program     static ../data.asm              
                   MNORM5   0x00b54e    program     static ../data.asm              
                   MNORM6   0x00b56e    program     static ../data.asm              
                   MNUMCH   0x0089cc    program     static ../data.asm              
                     MPOS   0x008a02    program     static ../data.asm              
                     MRST   0x00892a    program     static ../data.asm              
                     MS1a   0x002676    program     static ../comms.asm             
                      MS2   0x002682    program     static ../comms.asm             
                     MS2a   0x0026a4    program     static ../comms.asm             
                      MS3   0x0026b0    program     static ../comms.asm             
                     MS3a   0x0026d2    program     static ../comms.asm             
                      MS4   0x0026de    program     static ../comms.asm             
                     MS4a   0x002700    program     static ../comms.asm             
                      MS5   0x00270c    program     static ../comms.asm             
                  MSHFINV   0x0089f0    program     static ../data.asm              
                 MSTUNT11   0x00b638    program     static ../data.asm              
                 MSTUNT12   0x00b652    program     static ../data.asm              
                 MSTUNT13   0x00b66c    program     static ../data.asm              
                 MSTUNT14   0x00b68c    program     static ../data.asm              
                 MSTUNT15   0x00b6a8    program     static ../data.asm              
                 MSTUNT16   0x00b6c4    program     static ../data.asm              
                 MSTUNT17   0x00b6e4    program     static ../data.asm              
                 MSTUNT21   0x00b6fe    program     static ../data.asm              
                 MSTUNT22   0x00b718    program     static ../data.asm              
                 MSTUNT23   0x00b732    program     static ../data.asm              
                 MSTUNT24   0x00b752    program     static ../data.asm              
                 MSTUNT25   0x00b76e    program     static ../data.asm              
                 MSTUNT26   0x00b78a    program     static ../data.asm              
                 MSTUNT27   0x00b7aa    program     static ../data.asm              
                    MSYNC   0x0089ba    program     static ../data.asm              
                  MTABLE1   0x00a8b0    program     static ../data.asm              
                 MTABLE10   0x00a99a    program     static ../data.asm              
                 MTABLE11   0x00a9b4    program     static ../data.asm              
                 MTABLE12   0x00a9ce    program     static ../data.asm              
                  MTABLE2   0x00a8ca    program     static ../data.asm              
                  MTABLE3   0x00a8e4    program     static ../data.asm              
                  MTABLE4   0x00a8fe    program     static ../data.asm              
                  MTABLE5   0x00a918    program     static ../data.asm              
                  MTABLE6   0x00a932    program     static ../data.asm              
                  MTABLE7   0x00a94c    program     static ../data.asm              
                  MTABLE8   0x00a966    program     static ../data.asm              
                  MTABLE9   0x00a980    program     static ../data.asm              
                    MTBL1   0x009a60    program     static ../data.asm              
                   MTBL10   0x009b38    program     static ../data.asm              
                   MTBL11   0x009b50    program     static ../data.asm              
                    MTBL2   0x009a78    program     static ../data.asm              
                    MTBL3   0x009a90    program     static ../data.asm              
                    MTBL4   0x009aa8    program     static ../data.asm              
                    MTBL5   0x009ac0    program     static ../data.asm              
                    MTBL6   0x009ad8    program     static ../data.asm              
                    MTBL7   0x009af0    program     static ../data.asm              
                    MTBL8   0x009b08    program     static ../data.asm              
                    MTBL9   0x009b20    program     static ../data.asm              
                  MTHOLD1   0x00b588    program     static ../data.asm              
                  MTHOLD2   0x00b5a2    program     static ../data.asm              
                  MTHOLD3   0x00b5c2    program     static ../data.asm              
                  MTHOLD4   0x00b5e2    program     static ../data.asm              
                  MTHOLD5   0x00b5fe    program     static ../data.asm              
                  MTHOLD6   0x00b61e    program     static ../data.asm              
                  MTIMER1   0x008a92    program     static ../data.asm              
                  MTIMER2   0x008aae    program     static ../data.asm              
                  MTIMER3   0x008ace    program     static ../data.asm              
                  MTIMER4   0x008aee    program     static ../data.asm              
                  MTIMER5   0x008b08    program     static ../data.asm              
                  MTIMER6   0x008b22    program     static ../data.asm              
                     MTP1   0x009df2    program     static ../data.asm              
                     MTP2   0x009e0e    program     static ../data.asm              
                     MTP3   0x009e2a    program     static ../data.asm              
                     MTP4   0x009e46    program     static ../data.asm              
                     MTP5   0x009e62    program     static ../data.asm              
                    MTSEC   0x008a38    program     static ../data.asm              
                   MVOLTS   0x0089a8    program     static ../data.asm              
                    MZERO   0x00893c    program     static ../data.asm              
                MasterISR   0x002642    program     static ../comms.asm             
             MasterState1   0x002650    program     static ../comms.asm             
                   MixNeg   0x0054fc    program     static ../mstar.asm             
                 MixNoIdN   0x005538    program     static ../mstar.asm             
                 MixNoIdP   0x0054ce    program     static ../mstar.asm             
                    Mixer   0x00543a    program     static ../mstar.asm             
                     Mon1   0x0037b2    program     static ../Monitor.asm           
                     Mon2   0x0037ba    program     static ../Monitor.asm           
                  Monitor   0x003736    program     static ../Monitor.asm           
        MonitorPulseWidth   0x0037ca    program     static ../Monitor.asm           
                 Move2Mix   0x004d78    program     static ../mstar.asm             
                MoveMixer   0x0073ac    program     static ../Mixers.asm            
                    Mult1   0x0028b6    program     static ../Math.asm              
                 Mult1616   0x0028a4    program     static ../Math.asm              
                Mult1616u   0x0028c6    program     static ../Math.asm              
                    Mult2   0x0028c4    program     static ../Math.asm              
                  NADD221   0x002ec6    program     static ../DIV3232U.ASM          
                 NADD2210   0x0030f4    program     static ../DIV3232U.ASM          
                 NADD2211   0x003132    program     static ../DIV3232U.ASM          
                 NADD2212   0x003170    program     static ../DIV3232U.ASM          
                 NADD2213   0x0031ae    program     static ../DIV3232U.ASM          
                 NADD2214   0x0031ec    program     static ../DIV3232U.ASM          
                 NADD2215   0x00322a    program     static ../DIV3232U.ASM          
                 NADD2216   0x003268    program     static ../DIV3232U.ASM          
                 NADD2217   0x0032a6    program     static ../DIV3232U.ASM          
                 NADD2218   0x0032e4    program     static ../DIV3232U.ASM          
                 NADD2219   0x003322    program     static ../DIV3232U.ASM          
                  NADD222   0x002f04    program     static ../DIV3232U.ASM          
                 NADD2220   0x003360    program     static ../DIV3232U.ASM          
                 NADD2221   0x00339e    program     static ../DIV3232U.ASM          
                 NADD2222   0x0033dc    program     static ../DIV3232U.ASM          
                 NADD2223   0x00341a    program     static ../DIV3232U.ASM          
                 NADD2224   0x003458    program     static ../DIV3232U.ASM          
                 NADD2225   0x003496    program     static ../DIV3232U.ASM          
                 NADD2226   0x0034d4    program     static ../DIV3232U.ASM          
                 NADD2227   0x003512    program     static ../DIV3232U.ASM          
                 NADD2228   0x003550    program     static ../DIV3232U.ASM          
                 NADD2229   0x00358e    program     static ../DIV3232U.ASM          
                  NADD223   0x002f42    program     static ../DIV3232U.ASM          
                 NADD2230   0x0035cc    program     static ../DIV3232U.ASM          
                 NADD2231   0x00360a    program     static ../DIV3232U.ASM          
                  NADD224   0x002f80    program     static ../DIV3232U.ASM          
                  NADD225   0x002fbe    program     static ../DIV3232U.ASM          
                  NADD226   0x002ffc    program     static ../DIV3232U.ASM          
                  NADD227   0x00303a    program     static ../DIV3232U.ASM          
                  NADD228   0x003078    program     static ../DIV3232U.ASM          
                  NADD229   0x0030b6    program     static ../DIV3232U.ASM          
                     NEXT   0x002186    program     static ../Display.asm           
                    NOK22   0x003634    program     static ../DIV3232U.ASM          
                   NOK221   0x002ed8    program     static ../DIV3232U.ASM          
                  NOK2210   0x003106    program     static ../DIV3232U.ASM          
                  NOK2211   0x003144    program     static ../DIV3232U.ASM          
                  NOK2212   0x003182    program     static ../DIV3232U.ASM          
                  NOK2213   0x0031c0    program     static ../DIV3232U.ASM          
                  NOK2214   0x0031fe    program     static ../DIV3232U.ASM          
                  NOK2215   0x00323c    program     static ../DIV3232U.ASM          
                  NOK2216   0x00327a    program     static ../DIV3232U.ASM          
                  NOK2217   0x0032b8    program     static ../DIV3232U.ASM          
                  NOK2218   0x0032f6    program     static ../DIV3232U.ASM          
                  NOK2219   0x003334    program     static ../DIV3232U.ASM          
                   NOK222   0x002f16    program     static ../DIV3232U.ASM          
                  NOK2220   0x003372    program     static ../DIV3232U.ASM          
                  NOK2221   0x0033b0    program     static ../DIV3232U.ASM          
                  NOK2222   0x0033ee    program     static ../DIV3232U.ASM          
                  NOK2223   0x00342c    program     static ../DIV3232U.ASM          
                  NOK2224   0x00346a    program     static ../DIV3232U.ASM          
                  NOK2225   0x0034a8    program     static ../DIV3232U.ASM          
                  NOK2226   0x0034e6    program     static ../DIV3232U.ASM          
                  NOK2227   0x003524    program     static ../DIV3232U.ASM          
                  NOK2228   0x003562    program     static ../DIV3232U.ASM          
                  NOK2229   0x0035a0    program     static ../DIV3232U.ASM          
                   NOK223   0x002f54    program     static ../DIV3232U.ASM          
                  NOK2230   0x0035de    program     static ../DIV3232U.ASM          
                  NOK2231   0x00361c    program     static ../DIV3232U.ASM          
                   NOK224   0x002f92    program     static ../DIV3232U.ASM          
                   NOK225   0x002fd0    program     static ../DIV3232U.ASM          
                   NOK226   0x00300e    program     static ../DIV3232U.ASM          
                   NOK227   0x00304c    program     static ../DIV3232U.ASM          
                   NOK228   0x00308a    program     static ../DIV3232U.ASM          
                   NOK229   0x0030c8    program     static ../DIV3232U.ASM          
                   NRWwfo   0x000a98    program     static ../mstar.asm             
               NextRecord   0x005f7c    program     static ../ui.asm                
                Next_Char   0x000d30    program     static ../mstar.asm             
                     NoAT   0x006fa6    program     static ../Servo.asm             
                  NoAlarm   0x001238    program     static ../ADC.asm               
                    NoDog   0x001f48    program     static ../lcd52.asm             
                NoDriveCh   0x00603a    program     static ../ui.asm                
            NoRetractWarn   0x000ae2    program     static ../mstar.asm             
          NoStackOverflow   0x000b5c    program     static ../mstar.asm             
                   NoTach   0x001aee    program     static ../mstar.asm             
       NonCenterNormalize   0x003a94    program     static ../mstar.asm             
                    Not31   0x002382    program     static ../comms.asm             
                    Not32   0x002396    program     static ../comms.asm             
                    Not33   0x0023a6    program     static ../comms.asm             
                    Not34   0x0023b6    program     static ../comms.asm             
           NotOverrunTest   0x0016fe    program     static ../mstar.asm             
                   NotPPM   0x00172c    program     static ../mstar.asm             
                 NotRTDWN   0x006f7c    program     static ../Servo.asm             
                   Option   0x004b20    program     static ../mstar.asm             
                  Option1   0x004b40    program     static ../mstar.asm             
                      PB0   0x008518    program     static ../DigitalTrims.asm      
                      PB1   0x008530    program     static ../DigitalTrims.asm      
                      PB2   0x00853a    program     static ../DigitalTrims.asm      
                      PB3   0x00849c    program     static ../DigitalTrims.asm      
                      PD0   0x007fe8    program     static ../DigitalTrims.asm      
                      PD1   0x00805a    program     static ../DigitalTrims.asm      
                      PD2   0x0080cc    program     static ../DigitalTrims.asm      
                      PD3   0x00813e    program     static ../DigitalTrims.asm      
                    PDele   0x007ffa    program     static ../DigitalTrims.asm      
                   PDexit   0x00814c    program     static ../DigitalTrims.asm      
                    PDrud   0x00806c    program     static ../DigitalTrims.asm      
                    PDtht   0x0080de    program     static ../DigitalTrims.asm      
                     PLB0   0x008446    program     static ../DigitalTrims.asm      
                     PLB1   0x008460    program     static ../DigitalTrims.asm      
                     PLB2   0x00846a    program     static ../DigitalTrims.asm      
                     PLB3   0x0083be    program     static ../DigitalTrims.asm      
                     PLB4   0x00839a    program     static ../DigitalTrims.asm      
               PLLCalNreg   0x0018bc    program     static ../mstar.asm             
                  PLLinit   0x0019c8    program     static ../mstar.asm             
                 PLLinit0   0x001a22    program     static ../mstar.asm             
                 PLLinit1   0x001a68    program     static ../mstar.asm             
                 PLLinit2   0x001ab0    program     static ../mstar.asm             
             PLLpowerDown   0x00188c    program     static ../mstar.asm             
                  PLLsend   0x00186e    program     static ../mstar.asm             
                 PLLsend1   0x00187c    program     static ../mstar.asm             
                 PLLsend2   0x00187e    program     static ../mstar.asm             
                 PLLsetup   0x001938    program     static ../mstar.asm             
                     PRB0   0x00835c    program     static ../DigitalTrims.asm      
                     PRB1   0x008374    program     static ../DigitalTrims.asm      
                     PRB2   0x00837e    program     static ../DigitalTrims.asm      
                     PRB3   0x0082e0    program     static ../DigitalTrims.asm      
                   PRMAP1   0x00b1e2    program     static ../data.asm              
                   PRMAP2   0x00b1fe    program     static ../data.asm              
                   PRMAP3   0x00b21a    program     static ../data.asm              
                   PRMAP4   0x00b236    program     static ../data.asm              
                   PRMAP5   0x00b252    program     static ../data.asm              
                   PRMAP6   0x00b26e    program     static ../data.asm              
                   PRMAP7   0x00b28a    program     static ../data.asm              
             PROGRAM_LOOP   0x001e5c    program     static ../Flash.asm             
           PROGRAM_MEMORY   0x001e6c    program     static ../Flash.asm             
                     PSO1   0x007bbc    program     static ../System.asm            
                     PSO2   0x007bda    program     static ../System.asm            
                     PSO3   0x007bf8    program     static ../System.asm            
                 PaintBar   0x008476    program     static ../DigitalTrims.asm      
             PaintLeftBar   0x008384    program     static ../DigitalTrims.asm      
            PaintRightBar   0x0082ba    program     static ../DigitalTrims.asm      
                  PostA2R   0x00754c    program     static ../Mixers.asm            
                 PostBand   0x007b80    program     static ../System.asm            
                  PostCH5   0x0072f6    program     static ../Servo.asm             
                  PostCH8   0x00733c    program     static ../Servo.asm             
                 PostChan   0x007752    program     static ../System.asm            
                  PostMix   0x007500    program     static ../Mixers.asm            
                  PostR2A   0x007560    program     static ../Mixers.asm            
                  PostR2E   0x007574    program     static ../Mixers.asm            
                  PostRef   0x007e46    program     static ../Advanced.asm          
             PostSetOrder   0x007b8c    program     static ../System.asm            
[...]
                BattAlarm   0x0002b9       data     static ../RAM.asm               
                  AUXMODE   0x0002ba       data     static ../RAM.asm               
                ADCaddTbl   0x0002bb       data     static ../RAM.asm               
                    Fband   0x0002d1       data     static ../RAM.asm               
                   BuzPol   0x0002d2       data     static ../RAM.asm               
       TrimCenterBeepFlag   0x0002d3       data     static ../RAM.asm               
                 TicksPer   0x0002d4       data     static ../RAM.asm               
              FrameDefect   0x0002d5       data     static ../RAM.asm               
               SerialSend   0x0002d6       data     static ../RAM.asm               
       ThtTCenterBeepFlag   0x0002d7       data     static ../RAM.asm               
       CH67CenterBeepFlag   0x0002d8       data     static ../RAM.asm               
         DTrimAdjustDelay   0x0002d9       data     static ../RAM.asm               
              DisplayMode   0x0002da       data     static ../RAM.asm               
              DisplayLine   0x0002db       data     static ../RAM.asm               
              ADCfixThres   0x0002dc       data     static ../RAM.asm               
                 Gversion   0x0002dd       data     static ../RAM.asm               
              ATthreshold   0x0002e0       data     static ../RAM.asm               
              DOGcontrast   0x0002e1       data     static ../RAM.asm               
                     Name   0x000300       data     static ../RAM.asm               
                 Reserved   0x000310       data     static ../RAM.asm               
                     AM1H   0x000311       data     static ../RAM.asm               
                       AB   0x000313       data     static ../RAM.asm               
                     AM2H   0x000315       data     static ../RAM.asm               
                      ALR   0x000317       data     static ../RAM.asm               
                      APT   0x000318       data     static ../RAM.asm               
                      AAT   0x000319       data     static ../RAM.asm               
                    AEXHI   0x00031a       data     static ../RAM.asm               
                   AEXLOW   0x00031b       data     static ../RAM.asm               
                     EM1H   0x00031c       data     static ../RAM.asm               
                       EB   0x00031e       data     static ../RAM.asm               
                     EM2H   0x000320       data     static ../RAM.asm               
                      ELR   0x000322       data     static ../RAM.asm               
                      EPT   0x000323       data     static ../RAM.asm               
                      EAT   0x000324       data     static ../RAM.asm               
                    EEXHI   0x000325       data     static ../RAM.asm               
                   EEXLOW   0x000326       data     static ../RAM.asm               
                     RM1H   0x000327       data     static ../RAM.asm               
                       RB   0x000329       data     static ../RAM.asm               
                     RM2H   0x00032b       data     static ../RAM.asm               
                      RLR   0x00032d       data     static ../RAM.asm               
                      RPT   0x00032e       data     static ../RAM.asm               
                      RAT   0x00032f       data     static ../RAM.asm               
                    REXHI   0x000330       data     static ../RAM.asm               
                   REXLOW   0x000331       data     static ../RAM.asm               
                      TMH   0x000332       data     static ../RAM.asm               
                      TBH   0x000334       data     static ../RAM.asm               
                      TPT   0x000336       data     static ../RAM.asm               
                    TMODE   0x000337       data     static ../RAM.asm               
                  Tpreset   0x000338       data     static ../RAM.asm               
                    CH5MH   0x00033a       data     static ../RAM.asm               
                    CH5BH   0x00033c       data     static ../RAM.asm               
                    CH6MH   0x00033e       data     static ../RAM.asm               
                    CH6BH   0x000340       data     static ../RAM.asm               
                    CH7MH   0x000342       data     static ../RAM.asm               
                    CH7BH   0x000344       data     static ../RAM.asm               
                    CH8_A   0x000346       data     static ../RAM.asm               
                    CH8_B   0x000348       data     static ../RAM.asm               
                    CH8_C   0x00034a       data     static ../RAM.asm               
                     SR_A   0x00034c       data     static ../RAM.asm               
                     SR_E   0x00034e       data     static ../RAM.asm               
                     SR_R   0x000350       data     static ../RAM.asm               
                     SR_T   0x000352       data     static ../RAM.asm               
                     SL_A   0x000354       data     static ../RAM.asm               
                     SL_E   0x000356       data     static ../RAM.asm               
                     SL_R   0x000358       data     static ../RAM.asm               
                     SL_T   0x00035a       data     static ../RAM.asm               
                  M1Afrom   0x00035c       data     static ../RAM.asm               
                    M1Ato   0x00035d       data     static ../RAM.asm               
                    M1Azp   0x00035e       data     static ../RAM.asm               
                    M1Aur   0x00035f       data     static ../RAM.asm               
                    M1Adl   0x000360       data     static ../RAM.asm               
                  M1Bfrom   0x000361       data     static ../RAM.asm               
                    M1Bto   0x000362       data     static ../RAM.asm               
                    M1Bzp   0x000363       data     static ../RAM.asm               
                    M1Bur   0x000364       data     static ../RAM.asm               
                    M1Bdl   0x000365       data     static ../RAM.asm               
                  M1Cfrom   0x000366       data     static ../RAM.asm               
                    M1Cto   0x000367       data     static ../RAM.asm               
                    M1Czp   0x000368       data     static ../RAM.asm               
                    M1Cur   0x000369       data     static ../RAM.asm               
                    M1Cdl   0x00036a       data     static ../RAM.asm               
                  M1Dfrom   0x00036b       data     static ../RAM.asm               
                    M1Dto   0x00036c       data     static ../RAM.asm               
                    M1Dzp   0x00036d       data     static ../RAM.asm               
                    M1Dur   0x00036e       data     static ../RAM.asm               
                    M1Ddl   0x00036f       data     static ../RAM.asm               
                  M2Afrom   0x000370       data     static ../RAM.asm               
                    M2Ato   0x000371       data     static ../RAM.asm               
                    M2Azp   0x000372       data     static ../RAM.asm               
                    M2Aur   0x000373       data     static ../RAM.asm               
                    M2Adl   0x000374       data     static ../RAM.asm               
                  M2Bfrom   0x000375       data     static ../RAM.asm               
                    M2Bto   0x000376       data     static ../RAM.asm               
                    M2Bzp   0x000377       data     static ../RAM.asm               
                    M2Bur   0x000378       data     static ../RAM.asm               
                    M2Bdl   0x000379       data     static ../RAM.asm               
                  M2Cfrom   0x00037a       data     static ../RAM.asm               
                    M2Cto   0x00037b       data     static ../RAM.asm               
                    M2Czp   0x00037c       data     static ../RAM.asm               
                    M2Cur   0x00037d       data     static ../RAM.asm               
                    M2Cdl   0x00037e       data     static ../RAM.asm               
                  M2Dfrom   0x00037f       data     static ../RAM.asm               
                    M2Dto   0x000380       data     static ../RAM.asm               
                    M2Dzp   0x000381       data     static ../RAM.asm               
                    M2Dur   0x000382       data     static ../RAM.asm               
                    M2Ddl   0x000383       data     static ../RAM.asm               
                  M3Afrom   0x000384       data     static ../RAM.asm               
                    M3Ato   0x000385       data     static ../RAM.asm               
                    M3Azp   0x000386       data     static ../RAM.asm               
                    M3Aur   0x000387       data     static ../RAM.asm               
                    M3Adl   0x000388       data     static ../RAM.asm               
                  M3Bfrom   0x000389       data     static ../RAM.asm               
                    M3Bto   0x00038a       data     static ../RAM.asm               
                    M3Bzp   0x00038b       data     static ../RAM.asm               
                    M3Bur   0x00038c       data     static ../RAM.asm               
                    M3Bdl   0x00038d       data     static ../RAM.asm               
                  M3Cfrom   0x00038e       data     static ../RAM.asm               
                    M3Cto   0x00038f       data     static ../RAM.asm               
                    M3Czp   0x000390       data     static ../RAM.asm               
                    M3Cur   0x000391       data     static ../RAM.asm               
                    M3Cdl   0x000392       data     static ../RAM.asm               
                  M3Dfrom   0x000393       data     static ../RAM.asm               
                    M3Dto   0x000394       data     static ../RAM.asm               
                    M3Dzp   0x000395       data     static ../RAM.asm               
                    M3Dur   0x000396       data     static ../RAM.asm               
                    M3Ddl   0x000397       data     static ../RAM.asm               
                    VTAIL   0x000398       data     static ../RAM.asm               
                   ELEVON   0x000399       data     static ../RAM.asm               
                    DUALA   0x00039a       data     static ../RAM.asm               
                  FPgainN   0x00039b       data     static ../RAM.asm               
                    DIFFA   0x00039c       data     static ../RAM.asm               
                   FPgain   0x00039d       data     static ../RAM.asm               
                   IDLEUP   0x0003a0       data     static ../RAM.asm               
                 IDLEUPpA   0x0003a1       data     static ../RAM.asm               
                 IDLEUPpB   0x0003a2       data     static ../RAM.asm               
               FixedFirst   0x0003a4       data     static ../RAM.asm               
                NumBlades   0x0003a5       data     static ../RAM.asm               
          RetractsWarning   0x0003a6       data     static ../RAM.asm               
              TrimZeroAil   0x0003a7       data     static ../RAM.asm               
              TrimZeroEle   0x0003a9       data     static ../RAM.asm               
              TrimZeroRud   0x0003ab       data     static ../RAM.asm               
             ModelChannel   0x0003ad       data     static ../RAM.asm               
                  SWAILDR   0x0003ae       data     static ../RAM.asm               
                  SWELEDR   0x0003af       data     static ../RAM.asm               
                  SWRUDDR   0x0003b0       data     static ../RAM.asm               
                 SWPRESET   0x0003b1       data     static ../RAM.asm               
                   SWMIX1   0x0003b2       data     static ../RAM.asm               
                   SWMIX2   0x0003b3       data     static ../RAM.asm               
                   SWMIX3   0x0003b4       data     static ../RAM.asm               
                    SWCH5   0x0003b5       data     static ../RAM.asm               
                  SWATRIM   0x0003b6       data     static ../RAM.asm               
                   SWCH8A   0x0003b7       data     static ../RAM.asm               
                   SWCH8B   0x0003b8       data     static ../RAM.asm               
                   SWCH8C   0x0003b9       data     static ../RAM.asm               
                  SWSNAPR   0x0003bb       data     static ../RAM.asm               
                  SWSNAPL   0x0003bc       data     static ../RAM.asm               
                  CNTmode   0x0003bd       data     static ../RAM.asm               
                  DWNSecs   0x0003be       data     static ../RAM.asm               
                  DWNMins   0x0003bf       data     static ../RAM.asm               
                   TEnaSW   0x0003c0       data     static ../RAM.asm               
                   Tthres   0x0003c1       data     static ../RAM.asm               
                SWIDLEUP1   0x0003c3       data     static ../RAM.asm               
                SWIDLEUP2   0x0003c4       data     static ../RAM.asm               
                   SWCROW   0x0003c5       data     static ../RAM.asm               
                  CROWENA   0x0003c6       data     static ../RAM.asm               
                      ATP   0x0003c9       data     static ../RAM.asm               
                      ETP   0x0003ca       data     static ../RAM.asm               
                      RTP   0x0003cb       data     static ../RAM.asm               
                      TTP   0x0003cc       data     static ../RAM.asm               
                    SHIFT   0x0003cd       data     static ../RAM.asm               
              AltAircraft   0x0003ce       data     static ../RAM.asm               
                  Atable1   0x0003da       data     static ../RAM.asm               
                  Atable2   0x0003e5       data     static ../RAM.asm               
             ChannelOrder   0x000400       data     static ../RAM.asm               
                  SubTrim   0x000408       data     static ../RAM.asm               
                AilRudPos   0x000410       data     static ../RAM.asm               
                AilRudNeg   0x000411       data     static ../RAM.asm               
                RudAilPos   0x000412       data     static ../RAM.asm               
                RudAilNeg   0x000413       data     static ../RAM.asm               
                RudElePos   0x000414       data     static ../RAM.asm               
                RudEleNeg   0x000415       data     static ../RAM.asm               
                   ThtEle   0x000416       data     static ../RAM.asm               
                    DualE   0x000417       data     static ../RAM.asm               
              CH5stepSize   0x000419       data     static ../RAM.asm               
              CH8stepSize   0x00041b       data     static ../RAM.asm               
                 CCPMmode   0x00041d       data     static ../RAM.asm               
                   DTailA   0x00041e       data     static ../RAM.asm               
                   DTeleA   0x000420       data     static ../RAM.asm               
                   DTrudA   0x000422       data     static ../RAM.asm               
                   DTthtA   0x000424       data     static ../RAM.asm               
                  Henable   0x000426       data     static ../RAM.asm               
                    Tnorm   0x000427       data     static ../RAM.asm               
                    HPrev   0x000429       data     static ../RAM.asm               
                     HSen   0x00042a       data     static ../RAM.asm               
                     HTht   0x00042b       data     static ../RAM.asm               
                   HPitch   0x00042c       data     static ../RAM.asm               
                SWIDLEUPN   0x00042d       data     static ../RAM.asm               
               IdleUpNorm   0x00042e       data     static ../RAM.asm               
                  SWTHOLD   0x00042f       data     static ../RAM.asm               
                   THOLDp   0x000430       data     static ../RAM.asm               
                  HthtSen   0x000431       data     static ../RAM.asm               
                HthtPitch   0x000432       data     static ../RAM.asm               
                 SWSTUNT1   0x000433       data     static ../RAM.asm               
                  Hst1Sen   0x000434       data     static ../RAM.asm               
                  Hst1Tht   0x000435       data     static ../RAM.asm               
                Hst1Pitch   0x000436       data     static ../RAM.asm               
              SWIDLEUPST1   0x000437       data     static ../RAM.asm               
                IdleUpST1   0x000438       data     static ../RAM.asm               
                 SWSTUNT2   0x000439       data     static ../RAM.asm               
                  Hst2Sen   0x00043a       data     static ../RAM.asm               
                  Hst2Tht   0x00043b       data     static ../RAM.asm               
                Hst2Pitch   0x00043c       data     static ../RAM.asm               
              SWIDLEUPST2   0x00043d       data     static ../RAM.asm               
                IdleUpST2   0x00043e       data     static ../RAM.asm               
                TstepSize   0x00043f       data     static ../RAM.asm               
            TtransistionT   0x000441       data     static ../RAM.asm               
                 AILremap   0x000443       data     static ../RAM.asm               
                 ELEremap   0x000444       data     static ../RAM.asm               
                 RUDremap   0x000445       data     static ../RAM.asm               
                 THTremap   0x000446       data     static ../RAM.asm               
                 CH6remap   0x000447       data     static ../RAM.asm               
                 CH7remap   0x000448       data     static ../RAM.asm               
              MaxChannels   0x000449       data     static ../RAM.asm               
                    HArev   0x00044a       data     static ../RAM.asm               
                    HErev   0x00044b       data     static ../RAM.asm               
                    Debug   0x00044c       data     static ../RAM.asm               
             BatteryTimer   0x000500       data     static ../RAM.asm               
                  Adapter   0x000502       data     static ../RAM.asm               
                   Dog162   0x000503       data     static ../RAM.asm               
                    DTail   0x000580       data     static ../RAM.asm               
                    DTele   0x000582       data     static ../RAM.asm               
                    DTrud   0x000584       data     static ../RAM.asm               
                    DTtht   0x000586       data     static ../RAM.asm               
                   BlkBuf   0x000588       data     static ../RAM.asm               
                   Backup   0x000600       data     static ../RAM.asm               


